0 fffffda8 trap_G2API_CleanGhoul2Models
0 fffffda9 trap_G2API_RemoveGhoul2Model
0 fffffdaa trap_G2API_HasGhoul2ModelOnIndex
0 fffffdab trap_G2API_DuplicateGhoul2Instance
0 fffffdac trap_G2API_CopySpecificGhoul2Model
0 fffffdad trap_G2API_CopyGhoul2Instance
0 fffffdae trap_G2API_GetGLAName
0 fffffdaf trap_G2API_SetBoneAnim
0 fffffdb0 trap_G2API_SetBoneAngles
0 fffffdb1 trap_G2API_SetBoltInfo
0 fffffdb2 trap_G2API_AddBolt
0 fffffdb3 trap_G2API_InitGhoul2Model
0 fffffdb4 trap_G2API_GetBoltMatrix_NoReconstruct
0 fffffdb5 trap_G2API_GetBoltMatrix
0 fffffdb6 trap_G2_SetGhoul2ModelIndexes
0 fffffdb7 trap_G2_HaveWeGhoul2Models
0 fffffdb8 trap_G2_ListModelSurfaces
0 fffffdb9 trap_G2_ListModelBones
0 fffffdba trap_PC_SourceFileAndLine
0 fffffdbb trap_PC_ReadToken
0 fffffdbc trap_PC_FreeSource
0 fffffdbd trap_PC_LoadSource
0 fffffdbe trap_AAS_PointReachabilityAreaIndex
0 fffffdbf trap_AAS_PredictRoute
0 fffffdc0 trap_AAS_AlternativeRouteGoals
0 fffffdc1 trap_BotAddAvoidSpot
0 fffffdc2 trap_BotSetAvoidGoalTime
0 fffffdc3 trap_BotPredictVisiblePosition
0 fffffdc4 trap_BotRemoveFromAvoidGoals
0 fffffdc5 trap_BotGetChatMessage
0 fffffdc6 trap_BotNumInitialChats
0 fffffdc7 trap_BotGetMapLocationGoal
0 fffffdc8 trap_BotGetNextCampSpotGoal
0 fffffdc9 trap_BotMutateGoalFuzzyLogic
0 fffffdca trap_BotInterbreedGoalFuzzyLogic
0 fffffdcb trap_GeneticParentsAndChildSelection
0 fffffdcc trap_BotResetWeaponState
0 fffffdcd trap_BotFreeWeaponState
0 fffffdce trap_BotAllocWeaponState
0 fffffdcf trap_BotLoadWeaponWeights
0 fffffdd0 trap_BotGetWeaponInfo
0 fffffdd1 trap_BotChooseBestFightWeapon
0 fffffdd2 trap_BotInitMoveState
0 fffffdd3 trap_BotFreeMoveState
0 fffffdd4 trap_BotAllocMoveState
0 fffffdd5 trap_BotMovementViewTarget
0 fffffdd6 trap_BotReachabilityArea
0 fffffdd7 trap_BotResetLastAvoidReach
0 fffffdd8 trap_BotResetAvoidReach
0 fffffdd9 trap_BotMoveInDirection
0 fffffdda trap_BotMoveToGoal
0 fffffddb trap_BotResetMoveState
0 fffffddc trap_BotFreeGoalState
0 fffffddd trap_BotAllocGoalState
0 fffffdde trap_BotSaveGoalFuzzyLogic
0 fffffddf trap_BotFreeItemWeights
0 fffffde0 trap_BotLoadItemWeights
0 fffffde1 trap_BotUpdateEntityItems
0 fffffde2 trap_BotInitLevelItems
0 fffffde3 trap_BotAvoidGoalTime
0 fffffde4 trap_BotGetLevelItemGoal
0 fffffde5 trap_BotItemGoalInVisButNotVisible
0 fffffde6 trap_BotTouchingGoal
0 fffffde7 trap_BotChooseNBGItem
0 fffffde8 trap_BotChooseLTGItem
0 fffffde9 trap_BotGetSecondGoal
0 fffffdea trap_BotGetTopGoal
0 fffffdeb trap_BotGoalName
0 fffffdec trap_BotDumpGoalStack
0 fffffded trap_BotDumpAvoidGoals
0 fffffdee trap_BotEmptyGoalStack
0 fffffdef trap_BotPopGoal
0 fffffdf0 trap_BotPushGoal
0 fffffdf1 trap_BotResetAvoidGoals
0 fffffdf2 trap_BotResetGoalState
0 fffffdf3 trap_BotSetChatName
0 fffffdf4 trap_BotSetChatGender
0 fffffdf5 trap_BotLoadChatFile
0 fffffdf6 trap_BotReplaceSynonyms
0 fffffdf7 trap_UnifyWhiteSpaces
0 fffffdf8 trap_BotMatchVariable
0 fffffdf9 trap_BotFindMatch
0 fffffdfa trap_StringContains
0 fffffdfb trap_BotEnterChat
0 fffffdfc trap_BotChatLength
0 fffffdfd trap_BotReplyChat
0 fffffdfe trap_BotInitialChat
0 fffffdff trap_BotNumConsoleMessages
0 fffffe00 trap_BotNextConsoleMessage
0 fffffe01 trap_BotRemoveConsoleMessage
0 fffffe02 trap_BotQueueConsoleMessage
0 fffffe03 trap_BotFreeChatState
0 fffffe04 trap_BotAllocChatState
0 fffffe05 trap_Characteristic_String
0 fffffe06 trap_Characteristic_BInteger
0 fffffe07 trap_Characteristic_Integer
0 fffffe08 trap_Characteristic_BFloat
0 fffffe09 trap_Characteristic_Float
0 fffffe0a trap_BotFreeCharacter
0 fffffe0b trap_BotLoadCharacter
0 fffffe56 trap_EA_ResetInput
0 fffffe57 trap_EA_GetInput
0 fffffe58 trap_EA_EndRegular
0 fffffe59 trap_EA_View
0 fffffe5a trap_EA_Move
0 fffffe5b trap_EA_DelayedJump
0 fffffe5c trap_EA_Jump
0 fffffe5d trap_EA_SelectWeapon
0 fffffe5e trap_EA_MoveRight
0 fffffe5f trap_EA_MoveLeft
0 fffffe60 trap_EA_MoveBack
0 fffffe61 trap_EA_MoveForward
0 fffffe62 trap_EA_MoveDown
0 fffffe63 trap_EA_MoveUp
0 fffffe64 trap_EA_Crouch
0 fffffe65 trap_EA_Respawn
0 fffffe66 trap_EA_Use
0 fffffe67 trap_EA_ForcePower
0 fffffe68 trap_EA_Alt_Attack
0 fffffe69 trap_EA_Attack
0 fffffe6a trap_EA_Talk
0 fffffe6b trap_EA_Gesture
0 fffffe6c trap_EA_Action
0 fffffe6d trap_EA_Command
0 fffffe6e trap_EA_SayTeam
0 fffffe6f trap_EA_Say
0 fffffec1 trap_AAS_PredictClientMovement
0 fffffec2 trap_AAS_Swimming
0 fffffec3 trap_AAS_AreaTravelTimeToGoalArea
0 fffffec4 trap_AAS_AreaReachability
0 fffffec5 trap_AAS_IntForBSPEpairKey
0 fffffec6 trap_AAS_FloatForBSPEpairKey
0 fffffec7 trap_AAS_VectorForBSPEpairKey
0 fffffec8 trap_AAS_ValueForBSPEpairKey
0 fffffec9 trap_AAS_NextBSPEntity
0 fffffeca trap_AAS_PointContents
0 fffffecb trap_AAS_TraceAreas
0 fffffecc trap_AAS_PointAreaNum
0 fffffecd trap_AAS_Time
0 fffffece trap_AAS_PresenceTypeBoundingBox
0 fffffecf trap_AAS_Initialized
0 fffffed0 trap_AAS_EntityInfo
0 fffffed1 trap_AAS_AreaInfo
0 fffffed2 trap_AAS_BBoxAreas
0 fffffed3 trap_AAS_EnableRoutingArea
0 ffffff2c trap_BotUserCommand
0 ffffff2d trap_BotGetServerCommand
0 ffffff2e trap_BotGetSnapshotEntity
0 ffffff2f trap_BotLibTest
0 ffffff30 trap_BotLibUpdateEntity
0 ffffff31 trap_BotLibLoadMap
0 ffffff32 trap_BotLibStartFrame
0 ffffff33 trap_BotLibDefine
0 ffffff34 trap_BotLibVarGet
0 ffffff35 trap_BotLibVarSet
0 ffffff36 trap_BotLibShutdown
0 ffffff37 trap_BotLibSetup
0 ffffff8c asin
0 ffffff8d acos
0 ffffff90 ceil
0 ffffff91 floor
0 ffffff92 perpendicularvector
0 ffffff93 anglevectors
0 ffffff94 matrixmultiply
0 ffffff95 sqrt
0 ffffff96 atan2
0 ffffff97 cos
0 ffffff98 sin
0 ffffff99 strncpy
0 ffffff9a memcpy
0 ffffff9b memset
0 ffffffcc trap_ROFF_Purge_Ent
0 ffffffcd trap_ROFF_Play
0 ffffffce trap_ROFF_Cache
0 ffffffcf trap_ROFF_UpdateEntities
0 ffffffd0 trap_ROFF_Clean
0 ffffffd1 trap_SP_GetStringTextString
0 ffffffd2 trap_SP_RegisterServer
0 ffffffd3 trap_EntityContactCapsule
0 ffffffd4 trap_TraceCapsule
0 ffffffd5 trap_SnapVector
0 ffffffd6 trap_RealTime
0 ffffffd7 trap_DebugPolygonDelete
0 ffffffd8 trap_DebugPolygonCreate
0 ffffffd9 trap_FS_GetFileList
0 ffffffda trap_GetEntityToken
0 ffffffdb trap_GetUsercmd
0 ffffffdc trap_BotFreeClient
0 ffffffdd trap_BotAllocateClient
0 ffffffde trap_EntityContact
0 ffffffdf trap_EntitiesInBox
0 ffffffe0 trap_UnlinkEntity
0 ffffffe1 trap_LinkEntity
0 ffffffe2 trap_AreasConnected
0 ffffffe3 trap_AdjustAreaPortalState
0 ffffffe4 trap_InPVSIgnorePortals
0 ffffffe5 trap_InPVS
0 ffffffe6 trap_PointContents
0 ffffffe7 trap_Trace
0 ffffffe8 trap_SetBrushModel
0 ffffffe9 trap_GetServerinfo
0 ffffffea trap_SetUserinfo
0 ffffffeb trap_GetUserinfo
0 ffffffec trap_GetConfigstring
0 ffffffed trap_SetConfigstring
0 ffffffee trap_SendServerCommand
0 ffffffef trap_DropClient
0 fffffff0 trap_LocateGameData
0 fffffff1 trap_SendConsoleCommand
0 fffffff2 trap_FS_FCloseFile
0 fffffff3 trap_FS_Write
0 fffffff4 trap_FS_Read
0 fffffff5 trap_FS_FOpenFile
0 fffffff6 trap_Argv
0 fffffff7 trap_Argc
0 fffffff8 trap_Cvar_VariableStringBuffer
0 fffffff9 trap_Cvar_VariableIntegerValue
0 fffffffa trap_Cvar_Set
0 fffffffb trap_Cvar_Update
0 fffffffc trap_Cvar_Register
0 fffffffd trap_Milliseconds
0 fffffffe trap_Error
0 ffffffff trap_Printf
0        0 vmMain
0       a5 G_Printf
0       be G_Error
0       d7 G_FindTeams
0      1db G_RemapTeamShaders
0      1de G_RegisterCvars
0      252 G_UpdateCvars
0      2c6 G_InitGame
0      42d G_ShutdownGame
0      465 Com_Error
0      480 Com_Printf
0      49b AddTournamentPlayer
0      514 RemoveTournamentLoser
0      53b RemoveTournamentWinner
0      562 AdjustTournamentScores
0      5c8 SortRanks
0      69d CalculateRanks
0      94d SendScoreboardMessageToAllClients
0      976 MoveClientToIntermission
0      9e6 FindIntermissionPoint
0      a54 BeginIntermission
0      ac7 DuelLimitHit
0      afe DuelResetWinsLosses
0      b2f ExitLevel
0      bbc G_LogPrintf
0      c28 LogExit
0      d11 CheckIntermissionExit
0      e86 ScoreIsTied
0      ecf CheckExitRules
0     103a CheckTournament
0     115d CheckVote
0     1241 PrintTeam
0     126c SetLeader
0     132f CheckTeamLeader
0     13c7 CheckTeamVote
0     14c0 CheckCvars
0     14ed G_RunThink
0     1526 G_RunFrame
0     170d G_GetStripEdString
0     171e BotStraightTPOrderCheck
0     1788 BotSelectWeapon
0     179a BotReportStatus
0     17f9 BotOrder
0     1994 BotMindTricked
0     1a0b BotAI_Print
0     1a0e IsTeamplay
0     1a1b BotAI_GetClientState
0     1a4c BotAI_GetEntityState
0     1a91 BotAI_GetSnapshotEntity
0     1ac2 BotEntityInfo
0     1ace NumBots
0     1ad4 AngleDifference
0     1afc BotChangeViewAngle
0     1b68 BotChangeViewAngles
0     1d07 BotInputToUserCommand
0     1fb3 BotUpdateInput
0     2076 BotAIRegularUpdate
0     2087 RemoveColorEscapeSequences
0     20fb BotAI
0     224c BotScheduleBotThink
0     228a PlayersInGame
0     22cb BotAISetupClient
0     23eb BotAIShutdownClient
0     243a BotResetState
0     2525 BotAILoadMap
0     255f OrgVisible
0     2585 WPOrgVisible
0     261a OrgVisibleBox
0     264a CheckForFunc
0     269d GetNearestVisibleWP
0     2763 PassWayCheck
0     27fd TotalTrailDistance
0     28d6 CheckForShorterRoutes
0     2a28 WPConstantRoutine
0     2b82 BotCTFGuardDuty
0     2b9e WPTouchRoutine
0     2d65 MoveTowardIdealAngles
0     2d75 BotTrace_Strafe
0     2f13 BotTrace_Jump
0     304c BotTrace_Duck
0     3130 PassStandardEnemyChecks
0     3305 BotDamageNotification
0     3406 BotCanHear
0     3504 UpdateEventTracker
0     3567 InFieldOfVision
0     35e9 PassLovedOneCheck
0     36b9 ScanForEnemies
0     38cb WaitingForNow
0     39a1 BotGetWeaponRange
0     39f1 BotIsAChickenWuss
0     3aeb GetNearestBadThing
0     3d9a BotDefendFlag
0     3e0f BotGetEnemyFlag
0     3e84 BotGetFlagBack
0     3f7c BotGuardFlagCarrier
0     4074 BotGetFlagHome
0     40e9 GetNewFlagPoint
0     4200 CTFTakesPriority
0     450b EntityVisibleBox
0     4548 Saga_TargetClosestObjective
0     476c Saga_DefendFromAttackers
0     4862 Saga_CountDefenders
0     48c8 Saga_CountTeammates
0     4919 SagaTakesPriority
0     4c31 JMTakesPriority
0     4d18 BotHasAssociated
0     4dd7 GetBestIdleGoal
0     4ec2 GetIdealDestination
0     5481 CommanderBotCTFAI
0     5757 CommanderBotSagaAI
0     5882 BotDoTeamplayAI
0     58ad CommanderBotTeamplayAI
0     5a54 CommanderBotAI
0     5a7d MeleeCombatHandling
0     5bdb SaberCombatHandling
0     5f8b BotWeaponCanLead
0     5fcf BotAimLeading
0     6126 BotAimOffsetGoalAngles
0     6328 ShouldSecondaryFire
0     6430 CombatBotAI
0     6612 BotFallbackNavigation
0     66b5 BotTryAnotherWeapon
0     6735 BotWeaponSelectable
0     676b BotSelectIdealWeapon
0     6909 BotSelectChoiceWeapon
0     6997 BotSelectMelee
0     69c8 GetLoveLevel
0     6a5d BotLovedOneDied
0     6baa BotDeathNotify
0     6c30 StrafeTracing
0     6d16 PrimFiring
0     6d47 KeepPrimFromFiring
0     6d7c AltFiring
0     6dad KeepAltFromFiring
0     6de2 CheckForFriendInLOF
0     6ea9 BotScanForLeader
0     6f39 BotReplyGreetings
0     6fa8 CTFFlagMovement
0     718a BotCheckDetPacks
0     72d0 BotUseInventoryItem
0     73aa BotSurfaceNear
0     740f BotWeaponBlockable
0     7444 StandardBotAI
0     930f BotAIStartFrame
0     940d BotAISetup
0     9497 BotAIShutdown
0     94d5 B_TempAlloc
0     94e2 B_TempFree
0     94eb B_Alloc
0     94f8 B_Free
0     94fb B_InitAlloc
0     9507 B_CleanupAlloc
0     950a GetValueGroup
0     9605 GetPairedValue
0     97ab BotDoChat
0     9a78 ParseEmotionalAttachments
0     9bbb ReadChatGroups
0     9c4b BotUtilizePersonality
0     a0ef GetFlagStr
0     a3ea G_TestLine
0     a424 BotWaypointRender
0     a652 TransferWPData
0     a776 CreateNewWP
0     a814 CreateNewWP_FromObject
0     a97f RemoveWP
0     a9d5 RemoveWP_InTrail
0     aaba CreateNewWP_InTrail
0     ac09 TeleportToWP
0     ac8f WPFlagsModify
0     acce NotWithinRange
0     ad03 NodeHere
0     ad95 CanGetToVector
0     adc4 CanGetToVectorTravel
0     aee8 ConnectTrail
0     b4f9 OpposingEnds
0     b577 DoorBlockingSection
0     b65a RepairPaths
0     b78c OrgVisibleCurve
0     b7ec CanForceJumpTo
0     b8d7 CalculatePaths
0     bb51 GetObjectThatTargets
0     bb80 CalculateSagaGoals
0     bcad GetNearestVisibleWPToItem
0     bd99 CalculateWeightGoals
0     bf69 CalculateJumpRoutes
0     c08d LoadPathData
0     c434 FlagObjects
0     c660 SavePathData
0     c9a1 LoadPath_ThisLevel
0     ca3c GetClosestSpawn
0     cada GetNextSpawnInIndex
0     cb7e AcceptBotCommand
0     cff1 swapfunc
0     d078 med3
0     d0fb qsort
0     d4b4 strlen
0     d4cf strcat
0     d512 strcpy
0     d547 strcmp
0     d580 strchr
0     d59f strstr
0     d5e5 tolower
0     d5fd toupper
0     d615 memmove
0     d65c tan
0     d673 srand
0     d67a rand
0     d68f atof
0     d754 _atof
0     d81f atoi
0     d897 _atoi
0     d919 abs
0     d92e fabs
0     d943 AddInt
0     da1e AddFloat
0     db2c AddString
0     dbc3 vsprintf
0     dd5b sscanf
0     ddc6 BG_LegalizedForcePowers
0     e193 vectoyaw
0     e1ed BG_HasYsalamiri
0     e21c BG_CanUseFPNow
0     e283 BG_FindItemForPowerup
0     e2bf BG_FindItemForHoldable
0     e2f9 BG_FindItemForWeapon
0     e32c BG_FindItem
0     e355 BG_PlayerTouchesItem
0     e3b5 BG_ProperForceIndex
0     e3d8 BG_CycleForce
0     e4b0 BG_GetItemIndexByTag
0     e4e0 BG_CycleInven
0     e54c BG_CanItemBeGrabbed
0     e749 BG_EvaluateTrajectory
0     e917 BG_EvaluateTrajectoryDelta
0     ea11 BG_AddPredictableEventToPlayerstate
0     ea4c BG_TouchJumpPad
0     eab0 BG_PlayerStateToEntityState
0     edbb BG_PlayerStateToEntityStateExtraPolate
0     f0d3 BG_SwingAngles
0     f1d8 BG_AddPainTwitch
0     f219 BG_G2PlayerAngles
0     f3b6 BG_Alloc
0     f3f6 BG_AllocUnaligned
0     f429 BG_TempAlloc
0     f461 BG_TempFree
0     f48e BG_StringAlloc
0     f4b1 BG_OutOfMemory
0     f4c3 PM_GetSaberStance
0     f4e0 PM_DoSlowFall
0     f503 PM_AddEvent
0     f512 PM_AddEventWithParm
0     f522 PM_AddTouchEnt
0     f577 PM_ClipVelocity
0     f5f0 PM_Friction
0     f6ec PM_Accelerate
0     f768 PM_CmdScale
0     f7ff PM_SetMovementDir
0     f94b PM_ForceJumpingUp
0     fa0a PM_JumpForDir
0     faad PM_SetPMViewAngle
0     faee PM_AdjustAngleForWallRun
0     fcf2 PM_CheckJump
0    10a8e PM_CheckWaterJump
0    10b75 PM_WaterJumpMove
0    10bb6 PM_WaterMove
0    10ce7 PM_FlyMove
0    10d72 PM_AirMove
0    10e35 PM_WalkMove
0    110d7 PM_DeadMove
0    11150 PM_NoclipMove
0    112c2 PM_FootstepForSurface
0    112db PM_TryRoll
0    114ec PM_CrashLand
0    117fd PM_CorrectAllSolid
0    118e4 PM_GroundTraceMissed
0    11a4f PM_GroundTrace
0    11be2 PM_SetWaterLevel
0    11caf PM_CheckDuck
0    11e85 PM_Use
0    11ece PM_RunningAnim
0    11efc PM_Footsteps
0    12173 PM_WaterEvents
0    121ca PM_BeginWeaponChange
0    12230 PM_FinishWeaponChange
0    12283 PM_DoChargedWeapons
0    1275d PM_ItemUsable
0    12988 PM_Weapon
0    132b5 PM_Animate
0    13313 PM_DropTimers
0    1339d PM_UpdateViewAngles
0    13441 PM_AdjustAttackStates
0    137b9 BG_CmdForRoll
0    1380e BG_AdjustClientSpeed
0    13bc1 PmoveSingle
0    14037 Pmove
0    140e3 BG_InSpecialJump
0    14108 BG_InSaberStandAnim
0    1412e BG_DirectFlippingAnim
0    1414d BG_SaberInAttack
0    1417a BG_SaberInSpecial
0    14197 BG_SaberInIdle
0    141b4 BG_FlippingAnim
0    141fc BG_SpinningSaberAnim
0    14314 BG_SaberInSpecialAttack
0    1433d BG_InRoll
0    14363 BG_InDeathAnim
0    14388 PM_SaberInParry
0    1439d PM_SaberInReflect
0    143b2 PM_SaberInStart
0    143c7 PM_InSaberAnim
0    143de PM_InKnockDown
0    1440b PM_PainAnim
0    1442a PM_JumpingAnim
0    14449 PM_LandingAnim
0    14490 PM_SpinningAnim
0    1449d PM_InOnGroundAnim
0    144fa PM_InRollComplete
0    14520 PM_AnimLength
0    1454d PM_DebugLegsAnim
0    14598 BG_ParseAnimationFile
0    14710 PM_StartLegsAnim
0    14795 PM_ContinueLegsAnim
0    147b5 PM_ForceLegsAnim
0    14825 PM_StartTorsoAnim
0    14880 PM_SetLegsAnimTimer
0    1489e PM_SetTorsoAnimTimer
0    148bc BG_SaberStartTransAnim
0    1490b PM_SetAnimFinal
0    14b47 PM_SetAnim
0    14bc0 PM_SlideMove
0    14fb0 PM_StepSlideMove
0    152ff PM_irand_timesync
0    15334 BG_ForcePowerDrain
0    153f2 PM_AttackMoveForQuad
0    15427 PM_SaberAnimTransitionAnim
0    1550c PM_SaberMoveQuadrantForMovement
0    15571 PM_SaberInBounce
0    15596 PM_SaberInTransition
0    155ab PM_SaberKataDone
0    155f1 PM_SetAnimFrame
0    155fb PM_SaberLockBreak
0    158c4 PM_SaberLocked
0    15ae8 PM_SaberInBrokenParry
0    15afd PM_BrokenParryForParry
0    15b3f PM_CanBackstab
0    15bc0 PM_SaberFlipOverAttackMove
0    15cc1 PM_SomeoneInFront
0    15d51 PM_SaberLungeAttackMove
0    15d9b PM_SaberJumpAttackMove
0    15e08 PM_GroundDistance
0    15e71 PM_SaberAttackForMovement
0    15fc5 PM_WeaponLightsaber
0    167cd PM_SetSaberMove
0    1699a P_SetTwitchInfo
0    169b2 P_DamageFeedback
0    16abc P_WorldEffects
0    16c63 DoImpact
0    16edd G_SetClientSound
0    16f0e ClientImpacts
0    16fb1 G_TouchTriggers
0    17193 G_MoverTouchPushTriggers
0    17343 SpectatorThink
0    173ea ClientInactivityTimer
0    1748c ClientTimerActions
0    174ee ClientIntermissionThink
0    17549 ClientEvents
0    176e1 SendPendingPredictableEvents
0    17788 G_UpdateForceSightBroadcasts
0    17868 G_UpdateJediMasterBroadcasts
0    1794a G_UpdateClientBroadcasts
0    17965 ClientThink_real
0    18611 G_CheckClientTimeouts
0    1863e ClientThink
0    18679 G_RunClient
0    186a0 SpectatorClientEndFrame
0    18777 ClientEndFrame
0    1884f UpdateTournamentInfo
0    18a34 trap_Cvar_VariableValue
0    18a4a G_ParseInfos
0    18b38 G_LoadArenasFromFile
0    18bb8 G_GetMapTypeBits
0    18c5a G_DoesMapSupportGametype
0    18ced G_RefreshNextMap
0    18dfa G_LoadArenas
0    18eac G_GetArenaInfoByMap
0    18ee7 PlayerIntroSound
0    18f38 G_AddRandomBot
0    190a5 G_RemoveRandomBot
0    19111 G_CountHumanPlayers
0    19164 G_CountBotPlayers
0    191e1 G_CheckMinimumPlayers
0    1935e G_CheckBotSpawn
0    193be AddBotToSpawnQueue
0    193fb G_RemoveQueuedBotBegin
0    1941f G_BotConnect
0    19481 G_AddBot
0    1979a Svcmd_AddBot_f
0    19831 Svcmd_BotList_f
0    198e5 G_SpawnBots
0    19997 G_LoadBotsFromFile
0    19a17 G_LoadBots
0    19aa4 G_GetBotInfoByNumber
0    19acf G_GetBotInfoByName
0    19b0e G_InitBots
0    19c00 SP_info_player_deathmatch
0    19c39 SP_info_player_start
0    19c48 SP_info_player_imperial
0    19c5b SP_info_player_rebel
0    19c6e SP_info_player_intermission
0    19c71 ThrowSaberToAttacker
0    19e38 JMSaberThink
0    19f33 JMSaberTouch
0    1a0b3 SP_info_jedimaster_start
0    1a16d SpotWouldTelefrag
0    1a1ee SelectNearestDeathmatchSpawnPoint
0    1a252 SelectRandomDeathmatchSpawnPoint
0    1a2b2 SelectRandomFurthestSpawnPoint
0    1a422 SelectSpawnPoint
0    1a435 SelectInitialSpawnPoint
0    1a49a SelectSpectatorSpawnPoint
0    1a4aa InitBodyQue
0    1a4da BodySink
0    1a50c CopyToBodyQue
0    1a6f8 SetClientViewAngle
0    1a750 respawn
0    1a786 TeamCount
0    1a7c7 TeamLeader
0    1a808 PickTeam
0    1a842 ClientCleanName
0    1a937 SetupGameGhoul2Model
0    1aae6 ClientUserinfoChanged
0    1adc2 ClientConnect
0    1af17 ClientBegin
0    1b1dc ClientSpawn
0    1b6ec ClientDisconnect
0    1b879 DeathmatchScoreboardMessage
0    1b9b2 Cmd_Score_f
0    1b9bb CheatsOk
0    1ba0f ConcatArgs
0    1ba7a SanitizeString
0    1bacc ClientNumberFromString
0    1bb98 Cmd_Give_f
0    1be44 Cmd_God_f
0    1be89 Cmd_Notarget_f
0    1bece Cmd_Noclip_f
0    1bf21 Cmd_LevelShot_f
0    1bf52 Cmd_TeamTask_f
0    1bfa9 Cmd_Kill_f
0    1c027 G_GetDuelWinner
0    1c06c BroadcastTeamChange
0    1c142 SetTeam
0    1c3bb StopFollowing
0    1c413 Cmd_Team_f
0    1c523 Cmd_ForceChanged_f
0    1c58b Cmd_Follow_f
0    1c625 Cmd_FollowCycle_f
0    1c6ca G_SayTo
0    1c75b G_Say
0    1c8bd Cmd_Say_f
0    1c8f6 Cmd_Tell_f
0    1c9a0 G_VoiceTo
0    1ca16 G_Voice
0    1ca7a Cmd_Voice_f
0    1cab6 Cmd_VoiceTell_f
0    1cb66 Cmd_VoiceTaunt_f
0    1cd25 Cmd_GameCommand_f
0    1cd9a Cmd_Where_f
0    1cdbc Cmd_CallVote_f
0    1d103 Cmd_Vote_f
0    1d201 Cmd_CallTeamVote_f
0    1d56f Cmd_TeamVote_f
0    1d6a6 Cmd_SetViewpos_f
0    1d73e Cmd_Stats_f
0    1d741 G_ItemUsable
0    1d976 Cmd_ToggleSaber_f
0    1da1a Cmd_SaberAttackCycle_f
0    1da8a G_OtherPlayersDueling
0    1dad1 Cmd_EngageDuel_f
0    1dddf ClientCommand
0    1e31c ObjectDie
0    1e335 G_GetHitLocation
0    1e58b ExplodeDeath
0    1e61d ScorePlum
0    1e652 AddScore
0    1e694 TossClientWeapon
0    1e830 TossClientItems
0    1e938 LookAtKiller
0    1ea0a GibEntity
0    1ea2a BodyRid
0    1ea39 body_die
0    1eae2 CheckAlmostCapture
0    1eae5 G_PickDeathAnim
0    1ed63 G_GetJediMaster
0    1edab player_die
0    1f4b3 CheckArmor
0    1f537 G_ApplyKnockback
0    1f6ce RaySphereIntersections
0    1f878 LimbTouch
0    1f87b LimbThink
0    1f8f1 G_GetDismemberBolt
0    1fa5a G_Dismember
0    1fc51 G_GetHitQuad
0    1fd15 G_CheckForDismemberment
0    1fda7 G_ThereIsAMaster
0    1fde2 G_Damage
0    20722 CanDamage
0    2084d G_RadiusDamage
0    209ca adjustRespawnTime
0    20a2b ShieldRemove
0    20a4e ShieldThink
0    20a7b ShieldDie
0    20a8f ShieldPain
0    20ab2 ShieldGoSolid
0    20b53 ShieldGoNotSolid
0    20b96 ShieldTouch
0    20bf2 CreateShield
0    20e5d PlaceShield
0    21028 ItemUse_Binoculars
0    2109d ItemUse_Shield
0    210a6 SentryTouch
0    210a9 pas_fire
0    21125 G_SetEnemy
0    21138 pas_find_enemies
0    212d5 pas_adjust_enemy
0    213a4 sentryExpire
0    213bb pas_think
0    217b0 turret_die
0    21858 SP_PAS
0    218e3 ItemUse_Sentry
0    21aaa ItemUse_Seeker
0    21ad8 ItemUse_MedPack
0    21b60 Pickup_Powerup
0    21ce8 Pickup_Holdable
0    21d42 Add_Ammo
0    21d98 Pickup_Ammo
0    21de3 Pickup_Weapon
0    21ee0 Pickup_Health
0    21f80 Pickup_Armor
0    21fec RespawnItem
0    220cd Touch_Item
0    22454 LaunchItem
0    225bd Drop_Item
0    22620 Use_Item
0    22629 FinishSpawningItem
0    228cf G_CheckTeamItems
0    22925 ClearRegisteredItems
0    22955 RegisterItem
0    2296d SaveRegisteredItems
0    229b5 G_ItemDisabled
0    229ce G_SpawnItem
0    22a30 G_BounceItem
0    22c25 G_RunItem
0    22cf3 G_LogWeaponInit
0    22d50 G_LogWeaponPickup
0    22d70 G_LogWeaponFire
0    22dd6 G_LogWeaponDamage
0    22dfd G_LogWeaponKill
0    22e23 G_LogWeaponFrag
0    22e52 G_LogWeaponDeath
0    22e78 G_LogWeaponPowerup
0    22e9e G_LogWeaponItem
0    22ec4 G_LogWeaponOutput
0    23d5c CalculateEfficiency
0    23dea CalculateSharpshooter
0    23e74 CalculateUntouchable
0    23ebf CalculateLogistics
0    23f98 CalculateTactician
0    2410e CalculateDemolitionist
0    241ed CalculateStreak
0    241f2 CalculateTeamMVP
0    24268 CalculateTeamMVPByRank
0    242f6 CalculateTeamDefender
0    2436c CalculateTeamWarrior
0    243e2 CalculateTeamCarrier
0    24458 CalculateTeamInterceptor
0    244db CalculateTeamRedShirt
0    2455e CalculateTeamAward
0    245d9 CalculateSection31Award
0    24635 CalculateAwards
0    247d6 GetMaxDeathsForClient
0    2481c GetMaxKillsForClient
0    24862 GetFavoriteTargetForClient
0    248af GetWorstEnemyForClient
0    24912 GetFavoriteWeaponForClient
0    2499a G_ClearClientLog
0    24ab4 G_Alloc
0    24aff G_InitMemory
0    24b05 Svcmd_GameMem_f
0    24b12 SP_info_camp
0    24b24 SP_info_null
0    24b2d SP_info_notnull
0    24b3f SP_light
0    24b48 TeleportPlayer
0    24c73 SP_misc_teleporter_dest
0    24c76 SP_misc_model
0    24c7f SP_misc_G2model
0    24c88 locateCamera
0    24d67 SP_misc_portal_surface
0    24dd9 SP_misc_portal_camera
0    24e2f HolocronRespawn
0    24e42 HolocronPopOut
0    24ebb HolocronTouch
0    2502f HolocronThink
0    252dc SP_misc_holocron
0    25486 Use_Shooter
0    25580 InitShooter_Finish
0    255a4 InitShooter
0    25612 SP_shooter_blaster
0    2561d check_recharge
0    2565c EnergyShieldStationSettings
0    25691 shield_power_converter_use
0    25795 SP_misc_shield_floor_unit
0    25901 SP_misc_model_shield_power_converter
0    259c7 EnergyAmmoStationSettings
0    259e3 ammo_power_converter_use
0    25ae5 SP_misc_model_ammo_power_converter
0    25b9e EnergyHealthStationSettings
0    25bba health_power_converter_use
0    25c63 SP_misc_model_health_power_converter
0    25d1c DmgBoxHit
0    25d1f DmgBoxUpdateSelf
0    25db6 DmgBoxAbsorb_Die
0    25dbf DmgBoxAbsorb_Pain
0    25dc8 CreateNewDamageBox
0    25e45 ATST_ManageDamageBoxes
0    26015 G_PlayerBecomeATST
0    2608c fx_runner_think
0    260da fx_runner_use
0    26123 fx_runner_link
0    26216 SP_fx_runner
0    26325 G_ReflectMissile
0    265bb G_DeflectMissile
0    266e6 G_BounceMissile
0    268ce G_ExplodeMissile
0    2699c G_RunStuckMissile
0    26a1d G_BounceProjectile
0    26adc CreateMissile
0    26bbf G_MissileImpact
0    2712e G_RunMissile
0    2734f G_TestEntityPosition
0    273d6 G_CreateRotationMatrix
0    273f8 G_TransposeMatrix
0    27439 G_RotatePoint
0    274a5 G_TryPushingEntity
0    27797 G_MoverPush
0    27ae4 G_MoverTeam
0    27c17 G_RunMover
0    27c48 SetMoverState
0    27d87 MatchTeam
0    27da7 ReturnToPos1
0    27ddc Reached_BinaryMover
0    27ee5 Use_BinaryMover
0    2802a InitMover
0    281ba Blocked_Door
0    2830d Touch_DoorTriggerSpectator
0    283e6 Touch_DoorTrigger
0    28438 Think_SpawnNewDoorTrigger
0    2853a Think_MatchTeam
0    28550 SP_func_door
0    2876e Touch_Plat
0    287f2 Touch_PlatCenterTrigger
0    28833 SpawnPlatTrigger
0    28921 SP_func_plat
0    28a94 Touch_Button
0    28ab7 SP_func_button
0    28c24 Think_BeginMoving
0    28c34 Reached_Train
0    28d19 Think_SetupTrainTargets
0    28dd0 SP_path_corner
0    28df1 SP_func_train
0    28e86 SP_func_static
0    28eb9 SP_func_rotating
0    28f5f SP_func_bobbing
0    29011 SP_func_pendulum
0    290ca BreakableBrushDie
0    291ca BreakableBrushPain
0    291cd BrushThink
0    291f0 BreakableBrushUse
0    2921a SP_func_breakable
0    2938d GlassDie
0    29427 GlassDie_Old
0    29498 GlassPain
0    2949b GlassUse
0    29590 SP_func_glass
0    2961d func_wait_return_solid
0    296ad func_usable_think
0    296d3 func_usable_use
0    297a0 func_usable_pain
0    297bb func_usable_die
0    297d8 SP_func_usable
0    29881 pitch_roll_for_slope
0    29a0f G_BounceObject
0    29b4e G_RunObject
0    29dde G_StopObjectMoving
0    29e1d G_StartObjectMoving
0    29e7c InitSagaMode
0    29f58 UseSagaTarget
0    29fcf SagaBroadcast_OBJECTIVECOMPLETE
0    2a010 SagaBroadcast_ROUNDOVER
0    2a04a BroadcastObjectiveCompletion
0    2a091 AddSagaWinningTeamPoints
0    2a0ee SagaRoundComplete
0    2a148 SagaObjectiveCompleted
0    2a1aa StripTabs
0    2a1ea sagaTriggerUse
0    2a2f0 SP_info_saga_objective
0    2a343 G_WriteClientSessionData
0    2a3ab G_ReadSessionData
0    2a42f G_InitSessionData
0    2a50c G_InitWorldSession
0    2a52f G_WriteSessionData
0    2a56a G_SpawnString
0    2a5ae G_SpawnFloat
0    2a5d0 G_SpawnInt
0    2a5f2 G_SpawnVector
0    2a621 SP_item_botroam
0    2a624 G_CallSpawn
0    2a6a3 G_NewString
0    2a727 G_ParseField
0    2a80f G_SpawnGEntityFromSpawnVars
0    2a8fa G_AddSpawnVarToken
0    2a93b G_ParseSpawnVars
0    2a9cb SP_worldspawn
0    2abd8 G_SpawnEntitiesFromString
0    2ac01 StringToFilter
0    2acb4 UpdateIPBans
0    2ad0c G_FilterPacket
0    2adbf AddIP
0    2ae15 G_ProcessIPBans
0    2ae6b Svcmd_AddIP_f
0    2ae8b Svcmd_RemoveIP_f
0    2aef3 Svcmd_EntityList_f
0    2afad ClientForString
0    2b044 Svcmd_ForceTeam_f
0    2b07a ConsoleCommand
0    2b16a Use_Target_Give
0    2b1c4 SP_target_give
0    2b1cd Use_target_remove_powerups
0    2b219 SP_target_remove_powerups
0    2b222 Think_Target_Delay
0    2b235 Use_Target_Delay
0    2b287 SP_target_delay
0    2b2ba Use_Target_Score
0    2b2d2 SP_target_score
0    2b2e8 Use_Target_Print
0    2b36f SP_target_print
0    2b378 Use_Target_Speaker
0    2b3f7 SP_target_speaker
0    2b4d9 target_laser_think
0    2b635 target_laser_on
0    2b650 target_laser_off
0    2b65f target_laser_use
0    2b67e target_laser_start
0    2b70f SP_target_laser
0    2b721 target_teleporter_use
0    2b756 SP_target_teleporter
0    2b77d target_relay_use
0    2b80e SP_target_relay
0    2b817 target_kill_use
0    2b838 SP_target_kill
0    2b841 SP_target_position
0    2b853 target_location_linkup
0    2b8c3 SP_target_location
0    2b8e4 Team_InitGame
0    2b917 OtherTeam
0    2b92d TeamName
0    2b94a OtherTeamName
0    2b967 TeamColorString
0    2b984 PrintCTFMessage
0    2b9dc AddTeamScore
0    2ba67 OnSameTeam
0    2baaf Team_SetFlagStatus
0    2bb13 Team_CheckDroppedItem
0    2bb4d Team_ForceGesture
0    2bb92 Team_FragBonuses
0    2c0f1 Team_CheckHurtCarrier
0    2c187 Team_ResetFlag
0    2c1f1 Team_ResetFlags
0    2c206 Team_ReturnFlagSound
0    2c243 Team_TakeFlagSound
0    2c2b2 Team_CaptureFlagSound
0    2c2ef Team_ReturnFlag
0    2c312 Team_FreeEntity
0    2c346 Team_DroppedFlagThink
0    2c387 Team_TouchOurFlag
0    2c5df Team_TouchEnemyFlag
0    2c62f Pickup_Team
0    2c6a6 Team_GetLocation
0    2c720 Team_GetLocationMsg
0    2c787 SelectRandomTeamSpawnPoint
0    2c835 SelectCTFSpawnPoint
0    2c87a SelectSagaSpawnPoint
0    2c8bf SortClients
0    2c8ca TeamplayInfoMessage
0    2ca28 CheckTeamStatus
0    2cadd SP_team_CTF_redplayer
0    2cae0 SP_team_CTF_blueplayer
0    2cae3 SP_team_CTF_redspawn
0    2cae6 SP_team_CTF_bluespawn
0    2cae9 InitTrigger
0    2cb28 multi_wait
0    2cb31 multi_trigger
0    2ccec Use_Multi
0    2ccf8 Touch_Multi
0    2cd0d SP_trigger_multiple
0    2cd90 trigger_always_think
0    2cda6 SP_trigger_always
0    2cdb8 trigger_push_touch
0    2cdd0 AimAtTarget
0    2ced5 SP_trigger_push
0    2cf12 Use_target_push
0    2cf5d SP_target_push
0    2d014 trigger_teleporter_touch
0    2d06f SP_trigger_teleport
0    2d0b6 hurt_use
0    2d0f8 hurt_touch
0    2d297 SP_trigger_hurt
0    2d2fd func_timer_think
0    2d33b func_timer_use
0    2d35a SP_func_timer
0    2d3d4 AddRemap
0    2d443 BuildShaderStateConfig
0    2d489 G_FindConfigstringIndex
0    2d4f5 G_SkinIndex
0    2d508 G_ModelIndex
0    2d51b G_SoundIndex
0    2d52e G_EffectIndex
0    2d541 G_TeamCommand
0    2d57f G_Find
0    2d5ce G_RadiusList
0    2d6ee G_PickTarget
0    2d754 G_UseTargets
0    2d7f3 tv
0    2d821 vtos
0    2d85d G_SetMovedir
0    2d8b2 G_InitGentity
0    2d8da G_Spawn
0    2d988 G_EntitiesFree
0    2d9b3 G_SendG2KillQueue
0    2d9f7 G_KillG2Queue
0    2da25 G_FreeEntity
0    2dad0 G_TempEntity
0    2db1e GetTrackerEnt
0    2db54 G_SoundTempEntity
0    2dba8 G_KillBox
0    2dc74 G_AddPredictableEvent
0    2dc8f G_AddEvent
0    2dd08 G_PlayEffect
0    2dd30 G_ScreenShake
0    2dd80 G_MuteSound
0    2ddc4 G_Sound
0    2de97 G_SoundAtLoc
0    2deae G_EntitySound
0    2ded6 ValidUseTarget
0    2def3 TryUse
0    2df8f G_PointInBounds
0    2dfcf G_BoxInBounds
0    2e082 G_SetAngles
0    2e09a G_ClearTrace
0    2e0cb G_SetOrigin
0    2e10a DebugLine
0    2e20d G_ROFF_NotetrackCallback
0    2e2c0 touch_NULL
0    2e2c3 W_TraceSetStart
0    2e385 WP_FireBryarPistol
0    2e45b WP_FireTurretMissile
0    2e4b2 WP_FireGenericBlasterMissile
0    2e4fb WP_FireBlasterMissile
0    2e549 WP_FireEmplacedMissile
0    2e5ac WP_FireBlaster
0    2e603 WP_DisruptorMainFire
0    2e82d WP_DisruptorAltFire
0    2ebd6 WP_FireDisruptor
0    2ec0d WP_BowcasterAltFire
0    2ec97 WP_BowcasterMainFire
0    2eddc WP_FireBowcaster
0    2edf1 WP_RepeaterMainFire
0    2ee38 WP_RepeaterAltFire
0    2eeda WP_FireRepeater
0    2ef34 WP_DEMP2_MainFire
0    2efb0 DEMP2_AltRadiusDamage
0    2f1f4 DEMP2_AltDetonate
0    2f275 WP_DEMP2_AltFire
0    2f36e WP_FireDEMP2
0    2f383 WP_FlechetteMainFire
0    2f468 prox_mine_think
0    2f4f6 WP_TraceSetStart
0    2f5ae WP_ExplosiveDie
0    2f5b7 WP_flechette_alt_blow
0    2f5d2 WP_CreateFlechetteBouncyThing
0    2f6a3 WP_FlechetteAltFire
0    2f71a WP_FireFlechette
0    2f72f rocketThink
0    2f9b0 WP_FireRocket
0    2fb10 thermalDetonatorExplode
0    2fbee thermalThinkStandard
0    2fc15 WP_FireThermalDetonator
0    2fda7 WP_DropThermal
0    2fdc7 laserTrapExplode
0    2fe51 laserTrapDelayedExplode
0    2fe99 touchLaserTrap
0    2ff00 laserTrapThink
0    2ffc7 laserTrapStick
0    300da TrapThink
0    300ec CreateLaserTrap
0    3028d WP_PlaceLaserTrap
0    303c1 VectorNPos
0    30428 charge_stick
0    30685 DetPackBlow
0    306ee DetPackPain
0    3070f DetPackDie
0    30730 drop_charge
0    308d3 BlowDetpacks
0    30942 CheatsOn
0    3094f WP_DropDetPack
0    30a91 WP_FireStunBaton
0    30bf6 SnapVectorTowards
0    30c3f LogAccuracyHit
0    30c8e CalcMuzzlePoint
0    30dc3 CalcMuzzlePointOrigin
0    30e4d FireWeapon
0    30fe0 WP_FireEmplaced
0    310e4 emplaced_gun_use
0    312dd emplaced_gun_realuse
0    312eb emplaced_gun_pain
0    312f5 emplaced_gun_update
0    315d9 emplaced_gun_die
0    315fa SP_emplaced_gun
0    31778 G_PreDefSound
0    31796 InFront
0    31810 WP_InitForcePowers
0    31d0c WP_SpawnInitForcePowers
0    31f49 ForcePowerUsableOn
0    32011 WP_ForcePowerAvailable
0    32063 WP_ForcePowerInUse
0    3207b WP_ForcePowerUsable
0    32154 WP_AbsorbConversion
0    321f7 WP_ForcePowerRegenerate
0    3224f WP_ForcePowerStart
0    32564 ForceHeal
0    32685 WP_AddToClientBitflags
0    326ea ForceTeamHeal
0    3292c ForceTeamForceReplenish
0    32b0a ForceGrip
0    32c4b ForceSpeed
0    32ccd ForceSeeing
0    32d3c ForceProtect
0    32dcf ForceAbsorb
0    32e62 ForceRage
0    32f0f ForceLightning
0    32f8d ForceLightningDamage
0    3309c ForceShootLightning
0    3338c ForceDrain
0    3340a ForceDrainDamage
0    335eb ForceShootDrain
0    3392e ForceJumpCharge
0    33a68 WP_GetVelocityForForceJump
0    33c1c ForceJump
0    33ced WP_AddAsMindtricked
0    33d52 ForceTelepathy
0    3418e GEntity_UseFunc
0    341a5 CanCounterThrow
0    3420f ForceThrow
0    34ef0 WP_ForcePowerStop
0    35131 DoGripAction
0    356d6 G_IsMindTricked
0    3573d RemoveTrickedEnt
0    357a6 WP_UpdateMindtrickEnts
0    358f0 WP_ForcePowerRun
0    35c47 WP_DoSpecificPower
0    35e5c FindGenericEnemyIndex
0    35f93 SeekerDroneUpdate
0    36375 HolocronUpdate
0    3650c JediMasterUpdate
0    3660a WP_ForcePowersUpdate
0    36fa3 Jedi_DodgeEvasion
0    3710a RandFloat
0    37124 SaberUpdateSelf
0    37219 SaberGotHit
0    37237 WP_SaberInitBladeData
0    372f0 G_G2ClientSpineAngles
0    3757b G_G2PlayerAngles
0    378d0 SaberAttacking
0    378ea WP_SabersCheckLock2
0    37c8f WP_SabersCheckLock
0    38385 CheckSaberDamage
0    38c50 CheckThrownSaberDamaged
0    390ac saberCheckRadiusDamage
0    39117 saberMoveBack
0    3914d SaberBounceSound
0    39163 DeadSaberThink
0    39184 MakeDeadSaber
0    392d2 saberBackToOwner
0    3954f thrownSaberTouch
0    39624 saberFirstThrown
0    39933 WP_SaberPositionUpdate
0    3a276 WP_MissileBlockForBlock
0    3a2a4 WP_SaberBlockNonRandom
0    3a3b0 WP_SaberBlock
0    3a50f WP_SaberCanBlock
0    3a724 HasSetSaberOnly
0    3a76b Q_rand
0    3a780 Q_random
0    3a792 Q_crandom
0    3a7a3 VectorCompare
0    3a7db VectorLength
0    3a80e VectorLengthSquared
0    3a83a Distance
0    3a87b DistanceSquared
0    3a8c9 VectorNormalizeFast
0    3a928 VectorInverse
0    3a950 CrossProduct
0    3a9c9 ClampChar
0    3a9e0 ClampShort
0    3a9f7 DirToByte
0    3aa52 ByteToDir
0    3aa70 ColorBytes3
0    3aadf ColorBytes4
0    3ab71 NormalizeColor
0    3abe7 PlaneFromPoints
0    3aca5 RotatePointAroundVector
0    3adb0 RotateAroundDirection
0    3adf4 vectoangles
0    3aeb0 AnglesToAxis
0    3aee5 AxisClear
0    3af1c AxisCopy
0    3af40 ProjectPointOnPlane
0    3affb MakeNormalVectors
0    3b0a6 VectorRotate
0    3b143 Q_rsqrt
0    3b17a Q_fabs
0    3b18a LerpAngle
0    3b1bb AngleSubtract
0    3b1e0 AnglesSubtract
0    3b22e AngleMod
0    3b240 AngleNormalize360
0    3b24e AngleNormalize180
0    3b269 AngleDelta
0    3b279 SetPlaneSignbits
0    3b2a6 BoxOnPlaneSide
0    3b667 RadiusFromBounds
0    3b6ba ClearBounds
0    3b6f1 AddPointToBounds
0    3b78a VectorNormalize
0    3b7fa VectorNormalize2
0    3b888 _VectorMA
0    3b8ca _DotProduct
0    3b8ff _VectorSubtract
0    3b938 _VectorAdd
0    3b971 _VectorCopy
0    3b998 _VectorScale
0    3b9c8 Vector4Scale
0    3ba0a Q_log2
0    3ba29 MatrixMultiply
0    3bbfe AngleVectors
0    3bcf6 PerpendicularVector
0    3bd62 Rand_Init
0    3bd69 flrand
0    3bda4 irand
0    3bdd6 powf
0    3bdf9 GetIDForString
0    3be3e GetStringForID
0    3be7a Com_Clamp
0    3be94 COM_SkipPath
0    3beb8 COM_StripExtension
0    3beee COM_DefaultExtension
0    3bf36 ShortSwap
0    3bf56 ShortNoSwap
0    3bf61 LongSwap
0    3bf94 LongNoSwap
0    3bf9a Long64Swap
0    3bfd7 Long64NoSwap
0    3bfdf FloatSwap
0    3bff5 FloatNoSwap
0    3bffc COM_BeginParseSession
0    3c00e COM_GetCurrentParseLine
0    3c014 COM_Parse
0    3c023 COM_ParseError
0    3c043 COM_ParseWarning
0    3c063 SkipWhitespace
0    3c09a COM_Compress
0    3c1ed COM_ParseExt
0    3c339 COM_MatchToken
0    3c362 SkipBracedSection
0    3c3a0 SkipRestOfLine
0    3c3d8 Parse1DMatrix
0    3c417 Parse2DMatrix
0    3c452 Parse3DMatrix
0    3c497 Q_isprint
0    3c4ac Q_islower
0    3c4c1 Q_isupper
0    3c4d6 Q_isalpha
0    3c4f7 Q_strrchr
0    3c52b Q_strncpyz
0    3c566 Q_stricmpn
0    3c5f1 Q_strncmp
0    3c643 Q_stricmp
0    3c66b Q_strlwr
0    3c691 Q_strupr
0    3c6b7 Q_strcat
0    3c6e3 Q_PrintStrlen
0    3c733 Q_CleanStr
0    3c799 Com_sprintf
0    3c7d8 va
0    3c805 Info_ValueForKey
0    3c8e5 Info_NextPair
0    3c983 Info_RemoveKey
0    3ca53 Info_RemoveKey_Big
0    3cb23 Info_Validate
0    3cb4a Info_SetValueForKey
0    3cc1a Info_SetValueForKey_Big
0    3cce2 Q_irand
1        4 gDuelExit
1        8 gDuelist1
1        c gDuelist2
1       10 gameCvarTable
1      7f0 gameCvarTableSize
1      824 gDidDuelStuff
1      82c g_LastFrameTime
1      830 g_TimeSinceLastFrame
1      834 ctfStateNames
1      850 ctfStateDescriptions
1      868 sagaStateDescriptions
1      874 teamplayStateDescriptions
1      93c gWPRenderTime
1      940 gDeactivated
1      944 gBotEdit
1      948 gWPRenderedFrame
1      94c gWPNum
1      950 gLastPrintedIndex
1      954 gLevelFlags
1      958 botGlobalNavWeaponWeights
1      998 randSeed
1      a0c forceMasteryLevels
1      a2c forceMasteryPoints
1      a4c bgForcePowerCost
1      b6c forcePowerSorted
1      bb4 forcePowerDarkLight
1      bfc WeaponReadyAnim
1      c3c WeaponAttackAnim
1      c7c bg_itemlist
1     1538 bg_numItems
1     1590 eventnames
1     1768 bg_poolSize
1     176c bg_poolTail
1     1770 gPMDoSlowFall
1     1774 pm_stopspeed
1     1778 pm_duckScale
1     177c pm_swimScale
1     1780 pm_wadeScale
1     1784 pm_accelerate
1     1788 pm_airaccelerate
1     178c pm_wateraccelerate
1     1790 pm_flyaccelerate
1     1794 pm_friction
1     1798 pm_waterfriction
1     179c pm_flightfriction
1     17a0 pm_spectatorfriction
1     17a4 c_pmove
1     17a8 forceSpeedLevels
1     17b8 forcePowerNeeded
1     18d8 forceJumpHeight
1     18e8 forceJumpStrength
1     198c animTable
1     3fb4 BGPAFtextLoaded
1     3fb8 WP_MuzzlePoint
1     4078 weaponData
1     43f8 ammoData
1     4420 saberMoveData
1     5690 transitionMove
1     59bc playerMins
1     59c8 playerMaxs
1     59d4 gJMSaberEnt
1     59d8 g2SaberInstance
1     59f8 gc_orders
1     5a14 gameNames
1     5a50 modNames
1     5ca0 shieldLoopSound
1     5ca4 shieldAttachSound
1     5ca8 shieldActivateSound
1     5cac shieldDeactivateSound
1     5cb0 shieldDamageSound
1     5cf0 weaponFromMOD
1     5d88 weaponNameFromIndex
1     5df8 fields
1     5f78 spawns
1     61b4 defaultStyles
1     6334 precachedKyle
1     6370 remapCount
1     63a4 gG2KillNum
1     8404 speedLoopSound
1     8408 rageLoopSound
1     840c protectLoopSound
1     8410 absorbLoopSound
1     8414 seeLoopSound
1     8418 ysalamiriLoopSound
1     841c forcePowerMinRank
1     86b4 saberSpinSound
1     86b8 saberOffSound
1     86bc saberOnSound
1     86c0 saberHumSound
1     8748 vec3_origin
1     8754 axisDefault
1     8778 colorBlack
1     8788 colorRed
1     8798 colorGreen
1     87a8 colorBlue
1     87b8 colorYellow
1     87c8 colorMagenta
1     87d8 colorCyan
1     87e8 colorWhite
1     87f8 colorLtGrey
1     8808 colorMdGrey
1     8818 colorDkGrey
1     8828 colorLtBlue
1     8838 colorDkBlue
1     8848 g_color_table
1     88c8 bytedirs
1     9080 holdrand
2     ac10 ctfFlagStatusRemap
2   3c324c _stackStart
2   3d324c _stackEnd
3        0 g_listEntity
3      110 g_podiumDrop
3      220 g_podiumDist
3      330 g_statLogFile
3      440 g_statLog
3      550 g_logSync
3      660 g_log
3      770 g_MaxHolocronCarry
3      880 g_clients
3     e400 g_timeouttospec
3     e510 g_forceDodge
3     e620 g_dismember
3     e730 g_singlePlayer
3     e840 g_enableBreath
3     e950 g_enableDust
3     ea60 g_rankings
3     eb70 pmove_msec
3     ec80 pmove_fixed
3     ed90 g_smoothClients
3     eea0 g_blueteam
3     efb0 g_redteam
3     f0c0 g_debugUp
3     f1d0 g_debugRight
3     f2e0 g_debugForward
3     f3f0 g_filterBan
3     f500 g_banIPs
3     f610 g_teamForceBalance
3     f720 g_teamAutoJoin
3     f830 g_allowVote
3     f940 g_blood
3     fa50 g_doWarmup
3     fb60 g_warmup
3     fc70 g_motd
3     fd80 g_synchronousClients
3     fe90 g_adaptRespawn
3     ffa0 g_weaponTeamRespawn
3    100b0 g_weaponRespawn
3    101c0 g_debugDamage
3    102d0 g_debugAlloc
3    103e0 g_debugMove
3    104f0 g_inactivity
3    10600 g_forcerespawn
3    10710 g_quadfactor
3    10820 g_knockback
3    10930 g_speed
3    10a40 g_gravity
3    10b50 g_needpass
3    10c60 g_password
3    10d70 g_friendlySaber
3    10e80 g_friendlyFire
3    10f90 g_saberInterpolate
3    110a0 g_capturelimit
3    111b0 g_timelimit
3    112c0 g_duel_fraglimit
3    113d0 g_fraglimit
3    114e0 g_duelWeaponDisable
3    115f0 g_weaponDisable
3    11700 g_forcePowerDisable
3    11810 g_spawnInvulnerability
3    11920 g_forceRegenTime
3    11a30 g_saberLocking
3    11b40 g_privateDuel
3    11c50 g_forceBasedTeams
3    11d60 g_maxForceRank
3    11e70 g_dmflags
3    11f80 g_autoMapCycle
3    12090 g_restarted
3    121a0 g_maxGameClients
3    122b0 g_maxclients
3    123c0 g_cheats
3    124d0 g_dedicated
3    125e0 g_gametype
3    126f0 g_entities
3    e16f0 level
3    e3a78 g_ff_objectives
3    e3b94 droppedBlueFlag
3    e3b98 droppedRedFlag
3    e3b9c gBotEventTracker
3    e3d9c regularupdate_time
3    e3da0 numbots
3    e3da4 botstates
3    e3e24 floattime
3    e3e28 eFlagBlue
3    e3e2c eFlagRed
3    e3e30 oFlagBlue
3    e3e34 flagBlue
3    e3e38 oFlagRed
3    e3e3c flagRed
3    e3e40 bot_wp_visconnect
3    e3f50 bot_wp_distconnect
3    e4060 bot_wp_clearweight
3    e4170 bot_wp_edit
3    e4280 bot_wp_info
3    e4390 bot_camp
3    e44a0 bot_attachments
3    e45b0 bot_forgimmick
3    e46c0 bot_forcepowers
3    e47d0 gBotChatBuffer
3   1247d0 nodenum
3   1247d4 nodetable
3   1447d4 gWPArray
3   1487d4 bg_pool
3   33c7d4 pml
3   33cc60 pm
3   33cc64 BGPAFtext
3   3468a4 bgGlobalAnimations
3   34dfdc podium3
3   34dfe0 podium2
3   34dfe4 podium1
3   34dfec bot_minplayers
3   34e0fc botSpawnQueue
3   34e17c g_arenaInfos
3   34f17c g_numArenas
3   34f180 g_botInfos
3   350180 g_numBots
3   350184 Client_Force
3   35408c itemRegistered
3   35448c G_WeaponLogItems
3   354c8c G_WeaponLogPowerups
3   35500c G_WeaponLogClientTouch
3   35508c G_WeaponLogLastTime
3   35510c G_WeaponLogTime
3   35590c G_WeaponLogFrags
3   35690c G_WeaponLogDeaths
3   35710c G_WeaponLogKills
3   35840c G_WeaponLogDamage
3   35970c G_WeaponLogFired
3   359f0c G_WeaponLogPickups
3   35a70c allocPoint
3   35a710 memoryPool
3   39a710 gExplSound
3   39a714 pushed_p
3   39a718 pushed
3   3a2718 imperial_attackers
3   3a271c rebel_attackers
3   3a2720 rebel_goals_completed
3   3a2724 rebel_goals_required
3   3a2728 imperial_goals_completed
3   3a272c imperial_goals_required
3   3a2730 saga_round_over
3   3a2734 saga_valid
3   3a2738 saga_info
3   3a4738 numIPFilters
3   3a473c ipFilters
3   3a673c teamgame
3   3a6758 gTrigFallSound
3   3a7cfc gG2KillIndex
3   3a7dfc remappedShaders
3   3abffc ent_list
3   3acffc muzzle
3   3ad008 up
3   3ad014 right
3   3ad020 forward
3   3ad02c s_quadFactor
3   3c2a48 com_lines
3   3c2a4c com_parsename
3   3c2e4c com_token
