0 ffffff35 trap_G2API_SetBoneAngles
0 ffffff36 trap_SP_GetStringTextString
0 ffffff37 trap_SP_Register
0 ffffff8c matrixmultiply
0 ffffff8d asin
0 ffffff8e acos
0 ffffff91 ceil
0 ffffff92 perpendicularvector
0 ffffff93 anglevectors
0 ffffff94 floor
0 ffffff95 sqrt
0 ffffff96 atan2
0 ffffff97 cos
0 ffffff98 sin
0 ffffff99 strncpy
0 ffffff9a memcpy
0 ffffff9b memset
0 ffffffa3 trap_LAN_CompareServers
0 ffffffa4 trap_LAN_ServerIsVisible
0 ffffffa5 trap_LAN_GetServerPing
0 ffffffa6 trap_LAN_ServerStatus
0 ffffffa7 trap_R_RemapShader
0 ffffffa8 trap_CIN_SetExtents
0 ffffffa9 trap_CIN_DrawCinematic
0 ffffffaa trap_CIN_RunCinematic
0 ffffffab trap_CIN_StopCinematic
0 ffffffac trap_CIN_PlayCinematic
0 ffffffad trap_LAN_RemoveServer
0 ffffffae trap_LAN_AddServer
0 ffffffaf trap_LAN_SaveCachedServers
0 ffffffb0 trap_LAN_LoadCachedServers
0 ffffffb1 trap_LAN_ResetPings
0 ffffffb2 trap_LAN_UpdateVisiblePings
0 ffffffb3 trap_LAN_MarkServerVisible
0 ffffffb4 trap_LAN_GetServerInfo
0 ffffffb5 trap_LAN_GetServerAddressString
0 ffffffb6 trap_LAN_GetServerCount
0 ffffffb7 trap_RealTime
0 ffffffb8 trap_S_StartBackgroundTrack
0 ffffffb9 trap_S_StopBackgroundTrack
0 ffffffba trap_PC_RemoveAllGlobalDefines
0 ffffffbb trap_PC_LoadGlobalDefines
0 ffffffbc trap_PC_SourceFileAndLine
0 ffffffbd trap_PC_ReadToken
0 ffffffbe trap_PC_FreeSource
0 ffffffbf trap_PC_LoadSource
0 ffffffc0 trap_PC_AddGlobalDefine
0 ffffffc1 trap_R_ModelBounds
0 ffffffc2 trap_AnyLanguage_ReadCharFromString
0 ffffffc3 trap_R_Font_DrawString
0 ffffffc4 trap_R_Font_HeightPixels
0 ffffffc5 trap_R_Font_StrLenChars
0 ffffffc6 trap_R_Font_StrLenPixels
0 ffffffc7 trap_R_RegisterFont
0 ffffffc8 trap_VerifyCDKey
0 ffffffc9 trap_SetCDKey
0 ffffffca trap_GetCDKey
0 ffffffcb trap_MemoryRemaining
0 ffffffcc trap_Cvar_Update
0 ffffffcd trap_Cvar_Register
0 ffffffce trap_LAN_GetPingInfo
0 ffffffcf trap_LAN_GetPing
0 ffffffd0 trap_LAN_ClearPing
0 ffffffd1 trap_LAN_GetPingQueueCount
0 ffffffd2 trap_GetConfigString
0 ffffffd3 trap_GetClientState
0 ffffffd4 trap_GetGlconfig
0 ffffffd5 trap_GetClipboardData
0 ffffffd6 trap_Key_SetCatcher
0 ffffffd7 trap_Key_GetCatcher
0 ffffffd8 trap_Key_ClearStates
0 ffffffd9 trap_Key_SetOverstrikeMode
0 ffffffda trap_Key_GetOverstrikeMode
0 ffffffdb trap_Key_IsDown
0 ffffffdc trap_Key_SetBinding
0 ffffffdd trap_Key_GetBindingBuf
0 ffffffde trap_Key_KeynumToStringBuf
0 ffffffdf trap_S_StartLocalSound
0 ffffffe0 trap_S_RegisterSound
0 ffffffe2 trap_CM_LerpTag
0 ffffffe3 trap_UpdateScreen
0 ffffffe4 trap_R_DrawStretchPic
0 ffffffe5 trap_R_SetColor
0 ffffffe6 trap_R_RenderScene
0 ffffffe7 trap_R_AddLightToScene
0 ffffffe8 trap_R_AddPolyToScene
0 ffffffe9 trap_R_AddRefEntityToScene
0 ffffffea trap_R_ClearScene
0 ffffffeb trap_R_RegisterShaderNoMip
0 ffffffec trap_R_RegisterSkin
0 ffffffed trap_R_RegisterModel
0 ffffffee trap_FS_GetFileList
0 ffffffef trap_FS_FCloseFile
0 fffffff0 trap_FS_Write
0 fffffff1 trap_FS_Read
0 fffffff2 trap_FS_FOpenFile
0 fffffff3 trap_Cmd_ExecuteText
0 fffffff4 trap_Argv
0 fffffff5 trap_Argc
0 fffffff6 trap_Cvar_InfoStringBuffer
0 fffffff7 trap_Cvar_Create
0 fffffff8 trap_Cvar_Reset
0 fffffff9 trap_Cvar_SetValue
0 fffffffa trap_Cvar_VariableStringBuffer
0 fffffffb trap_Cvar_VariableValue
0 fffffffc trap_Cvar_Set
0 fffffffd trap_Milliseconds
0 fffffffe trap_Print
0 ffffffff trap_Error
0        0 vmMain
0       7f AssetCache
0      512 UI_GetStripEdString
0      52d _UI_Refresh
0      671 _UI_Shutdown
0      677 GetMenuBuffer
0      6dd Asset_Parse
0      9c1 UI_Report
0      9c7 UI_ParseMenu
0      a35 Load_Menu
0      a7e UI_LoadMenus
0      b1e UI_Load
0      b84 UI_DrawHandicap
0      bce UI_DrawClanName
0      bfb UI_SetCapFragLimits
0      c4e UI_DrawGameType
0      c7a UI_DrawNetGameType
0      cbd UI_DrawAutoSwitch
0      d25 UI_DrawJoinGameType
0      d61 UI_TeamIndexFromName
0      d9c UI_DrawClanLogo
0      e49 UI_DrawClanCinematic
0      f5d UI_DrawPreviewCinematic
0      fc7 UI_DrawSkill
0     1013 UI_DrawGenericNum
0     1057 UI_DrawForceMastery
0     10a2 UI_DrawSkinColor
0     1107 UI_DrawForceSide
0     128b UI_DrawTeamName
0     12f6 UI_DrawTeamMember
0     13c0 UI_DrawEffects
0     13e8 UI_DrawMapPreview
0      157 _UI_DrawSides
0      1ad _UI_DrawTopBottom
0      203 _UI_DrawRect
0      235 MenuFontToHandle
0      25c Text_Width
0      27a Text_Height
0      295 Text_Paint
0      305 Text_PaintWithCursor
0      3dc Text_Paint_Limit
0      4c8 UI_ShowPostGame
0      4e9 UI_DrawCenteredPic
0     1499 UI_DrawMapTimeToBeat
0     14fe UI_DrawMapCinematic
0     15df UpdateForceStatus
0     1786 UI_DrawNetSource
0     17d2 UI_DrawNetMapPreview
0     1821 UI_DrawNetMapCinematic
0     1879 UI_DrawNetFilter
0     18c5 UI_DrawTier
0     1911 UI_DrawTierMap
0     198f UI_EnglishMapName
0     19c1 UI_DrawTierMapName
0     1a26 UI_DrawTierGameType
0     1a89 UI_AIFromName
0     1abb UI_NextOpponent
0     1b0e UI_PriorOpponent
0     1b65 UI_DrawPlayerLogo
0     1c09 UI_DrawPlayerLogoMetal
0     1cad UI_DrawPlayerLogoName
0     1d51 UI_DrawOpponentLogo
0     1df5 UI_DrawOpponentLogoMetal
0     1e99 UI_DrawOpponentLogoName
0     1f3d UI_DrawAllMapsSelection
0     1f84 UI_DrawOpponentName
0     1fb1 UI_OwnerDrawWidth
0     228b UI_DrawBotName
0     22d0 UI_DrawBotSkill
0     230e UI_DrawRedBlue
0     2341 UI_DrawCrosshair
0     237f UI_BuildPlayerList
0     24fd UI_DrawSelectedPlayer
0     2538 UI_DrawServerRefreshDate
0     260b UI_DrawServerMOTD
0     2758 UI_DrawKeyBindStatus
0     278f UI_DrawGLInfo
0     2944 UI_Version
0     2984 UI_OwnerDraw
0     2dda UI_OwnerDrawVisible
0     2f65 UI_Handicap_HandleKey
0     2fcb UI_Effects_HandleKey
0     3038 UI_ClanName_HandleKey
0     30c2 UI_GameType_HandleKey
0     3191 UI_NetGameType_HandleKey
0     321c UI_AutoSwitch_HandleKey
0     3277 UI_JoinGameType_HandleKey
0     32da UI_Skill_HandleKey
0     3337 UI_TeamName_HandleKey
0     33b2 UI_TeamMember_HandleKey
0     3468 UI_NetSource_HandleKey
0     34d4 UI_NetFilter_HandleKey
0     3526 UI_OpponentName_HandleKey
0     354f UI_BotName_HandleKey
0     35a2 UI_BotSkill_HandleKey
0     35ef UI_RedBlue_HandleKey
0     3617 UI_Crosshair_HandleKey
0     3671 UI_SelectedPlayer_HandleKey
0     36ef UI_OwnerDrawHandleKey
0     3906 UI_GetValue
0     390b UI_ServersQsortCompare
0     3926 UI_ServersSort
0     3944 UI_LoadMods
0     39c5 UI_LoadMovies
0     3a3b UI_LoadDemos
0     3ae5 UI_SetNextMap
0     3b1d UI_StartSkirmish
0     3f8c UI_Update
0     4237 UI_DeferMenuScript
0     42bf UI_UpdateVideoSetup
0     43a2 UI_GetVideoSetup
0     4539 UI_RunMenuScript
0     5174 UI_GetTeamColor
0     5177 UI_MapCountByGameType
0     51fd UI_hasSkinForBase
0     524e UI_HeadCountByTeam
0     53ae UI_HeadCountByColor
0     5404 UI_InsertServerIntoDisplayList
0     544b UI_RemoveServerFromDisplayList
0     5496 UI_BinaryServerInsertion
0     5512 UI_BuildServerDisplayList
0     56de UI_SortServerStatusInfo
0     57df UI_GetServerStatusInfo
0     5b5e stristr
0     5bc0 UI_BuildFindPlayerList
0     5e3f UI_BuildServerStatus
0     5ea0 UI_FeederCount
0     5f32 UI_SelectedMap
0     5f71 UI_SelectedHead
0     5fb0 UI_SelectedTeamHead
0     6018 UI_GetIndexFromSelection
0     6049 UI_UpdatePendingPings
0     605b UI_FeederItemText
0     635c UI_FeederItemImage
0     6504 UI_FeederSelection
0     6804 GameType_Parse
0     68ff MapList_Parse
0     6a42 UI_ParseGameInfo
0     6ad8 UI_Pause
0     6b03 UI_PlayCinematic
0     6b22 UI_StopCinematic
0     6baf UI_DrawCinematic
0     6bce UI_RunCinematicFrame
0     6bd7 UI_LoadForceConfig_List
0     6ca7 UI_BuildQ3Model_List
0     6e6f _UI_Init
0     7050 _UI_KeyEvent
0     70a0 _UI_MouseEvent
0     70ee UI_LoadNonIngame
0     7113 _UI_SetActiveMenu
0     7223 _UI_IsFullscreen
0     722d UI_ReadableSize
0     72e2 UI_PrintTime
0     7343 Text_PaintCenter
0     7378 UI_DisplayDownloadInfo
0     7597 UI_DrawConnectScreen
0     7744 UI_RegisterCvars
0     7779 UI_UpdateCvars
0     779c UI_StopServerRefresh
0     77da UI_DoServerRefresh
0     783b UI_StartServerRefresh
0     790c Com_Error
0     792e Com_Printf
0     7950 UI_ClampCvar
0     796a UI_StartDemoLoop
0     7974 UI_Argv
0     7983 UI_Cvar_VariableString
0     7992 UI_SetBestScores
0     7c21 UI_LoadBestScores
0     7ca5 UI_ClearScores
0     7d2a UI_Cache_f
0     7d5b UI_CalcPostGameStats
0     7fda UI_ConsoleCommand
0     80e8 UI_Shutdown
0     80eb UI_DrawNamedPic
0     811d UI_DrawHandlePic
0     816c UI_FillRect
0     819b UI_DrawSides
0     81e8 UI_DrawTopBottom
0     8235 UI_DrawRect
0     8261 UI_SetColor
0     826a UI_UpdateScreen
0     8270 UI_DrawTextBox
0     82d3 UI_CursorInRect
0     82fe UI_InitForceShaders
0     83f1 UI_DrawForceStars
0     8485 UI_UpdateClientForcePowers
0     8501 UI_TranslateFCFIndex
0     8516 UI_SaveForceTemplate
0     864b UpdateForceUsed
0     87fb UI_ReadLegalForce
0     8a7a UI_UpdateForcePowers
0     8c64 UI_SkinColor_HandleKey
0     8cbb UI_ForceSide_HandleKey
0     8d80 UI_ForceMaxRank_HandleKey
0     8de6 UI_ForcePowerRank_HandleKey
0     8f23 UI_ForceConfigHandle
0     926f UI_Alloc
0     92a9 UI_InitMemory
0     92b2 UI_OutOfMemory
0     92b8 hashForString
0     92f8 String_Alloc
0     93d1 String_Report
0     941a String_Init
0     945e PC_SourceWarning
0     948e PC_SourceError
0     94be LerpColor
0     9519 Float_Parse
0     9545 PC_Float_Parse
0     959a Color_Parse
0     95c7 PC_Color_Parse
0     95f4 Int_Parse
0     9620 PC_Int_Parse
0     9678 Rect_Parse
0     96bf PC_Rect_Parse
0     9706 String_Parse
0     9732 PC_String_Parse
0     97a7 PC_Script_Parse
0     9829 Init_Display
0     9830 GradientBar_Paint
0     9876 Window_Init
0     98b2 Fade
0     9923 Window_Paint
0     9c6d Item_SetScreenCoords
0     9d01 Item_UpdatePosition
0     9d54 Menu_UpdatePosition
0     9dab Menu_PostParse
0     9dd7 Menu_ClearFocus
0     9e5a IsVisible
0     9e7d Rect_ContainsPoint
0     9ec2 Menu_ItemsMatchingGroup
0     9f1e Menu_GetMatchingItemByNumber
0     9f8b Script_SetColor
0     a025 Script_SetAsset
0     a03e Script_SetBackground
0     a060 Menu_FindItemByName
0     a0af Script_SetTeamColor
0     a0e4 Script_SetItemColor
0     a1bd Script_SetItemRect
0     a23b Menu_ShowItemByName
0     a2ad Menu_FadeItemByName
0     a326 Menus_FindByName
0     a357 Menus_ShowByName
0     a36f Menus_OpenByName
0     a378 Menu_RunCloseScript
0     a3a7 Menus_CloseByName
0     a407 Menus_CloseAll
0     a43d Script_Show
0     a45d Script_Hide
0     a47d Script_FadeIn
0     a49d Script_FadeOut
0     a4bd Script_Open
0     a4d5 Script_Close
0     a4ff Menu_TransitionItemByName
0     a5ea Script_Defer
0     a611 Script_RunDeferred
0     a62b Script_Transition
0     a68d Menu_OrbitItemByName
0     a6fa Script_Orbit
0     a768 Script_SetFocus
0     a7f3 Script_SetPlayerModel
0     a811 Script_SetPlayerHead
0     a82f Script_SetCvar
0     a85b Script_SetCvarToCvar
0     a894 Script_Exec
0     a8bb Script_Play
0     a8e4 Script_playLooped
0     a910 Item_RunScript
0     a9ad Item_EnableShowViaCvar
0     aa86 Item_SetFocus
0     abf2 Item_TextScroll_MaxScroll
0     ac21 Item_TextScroll_ThumbPosition
0     ac6b Item_TextScroll_ThumbDrawPosition
0     acd4 Item_TextScroll_OverLB
0     adbc Item_TextScroll_MouseEnter
0     aded Item_TextScroll_HandleKey
0     af83 Item_ListBox_MaxScroll
0     afdd Item_ListBox_ThumbPosition
0     b064 Item_ListBox_ThumbDrawPosition
0     b129 Item_Slider_ThumbPosition
0     b1c1 Item_Slider_OverSlider
0     b1f6 Item_ListBox_OverLB
0     b3c1 Item_ListBox_MouseEnter
0     b4f6 Item_MouseEnter
0     b618 Item_MouseLeave
0     b664 Menu_HitTest
0     b6a2 Item_SetMouseOver
0     b6cb Item_OwnerDraw_HandleKey
0     b705 Item_ListBox_HandleKey
0     bc22 Item_YesNo_HandleKey
0     bca8 Item_Multi_CountSettings
0     bcc0 Item_Multi_FindCvarByValue
0     bd45 Item_Multi_Setting
0     bdd6 Item_Multi_HandleKey
0     bec9 Item_TextField_HandleKey
0     c24d Scroll_TextScroll_AutoFunc
0     c2aa Scroll_TextScroll_ThumbFunc
0     c399 Scroll_ListBox_AutoFunc
0     c3f6 Scroll_ListBox_ThumbFunc
0     c57d Scroll_Slider_ThumbFunc
0     c617 Item_StartCapture
0     c78c Item_StopCapture
0     c78f Item_Slider_HandleKey
0     c88b Item_HandleKey
0     c99b Item_Action
0     c9b2 Menu_SetPrevCursorItem
0     ca88 Menu_SetNextCursorItem
0     cb55 Window_CloseCinematic
0     cb7d Menu_CloseCinematics
0     cbd1 Display_CloseCinematics
0     cbee Menus_Activate
0     cc45 Display_VisibleMenuCount
0     cc6f Menus_HandleOOBClick
0     cd32 Item_CorrectedTextRect
0     cd5a Menu_HandleKey
0     d07b ToWindowCoords
0     d0c3 Rect_ToWindowCoords
0     d0d8 Item_SetTextExtents
0     d27c Item_TextColor
0     d3c2 Item_Text_AutoWrapped_Paint
0     d572 Item_Text_Wrapped_Paint
0     d67f Item_Text_Paint
0     d770 Item_TextField_Paint
0     d8e6 Item_YesNo_Paint
0     da1a Item_Multi_Paint
0     db08 Controls_GetKeyAssignment
0     db66 Controls_GetConfig
0     db98 Controls_SetConfig
0     dbef Controls_SetDefaults
0     dc22 BindingIDFromName
0     dc4f BindingFromName
0     dce0 Item_Slider_Paint
0     dde3 Item_Bind_Paint
0     dfbc Display_KeyBindPending
0     dfc2 Item_Bind_HandleKey
0     e1cd Item_Model_Paint
0     e2fd Item_Image_Paint
0     e344 Item_TextScroll_Paint
0     e4d6 Item_ListBox_Paint
0     ea8d Item_OwnerDraw_Paint
0     ed53 Item_Paint
0     f33d Menu_Init
0     f374 Menu_GetFocusedItem
0     f3b3 Menu_GetFocused
0     f3ee Menu_ScrollFeeder
0     f441 Menu_SetFeederSelection
0     f4d6 Menus_AnyFullScreenVisible
0     f50a Menus_ActivateByName
0     f599 Item_Init
0     f5b2 Menu_HandleMouseMove
0     f70a Menu_Paint
0     f865 Item_ValidateTypeData
0     f929 KeywordHash_Key
0     f98d KeywordHash_Add
0     f9b3 KeywordHash_Find
0     f9ee ItemParse_name
0     fa07 ItemParse_focusSound
0     fa2f ItemParse_text
0     fa48 ItemParse_descText
0     fa61 ItemParse_text2
0     fa7a ItemParse_text2alignx
0     fa93 ItemParse_text2aligny
0     faac ItemParse_group
0     fac5 ItemParse_asset_model
0     fb05 ItemParse_asset_shader
0     fb2b ItemParse_model_origin
0     fb71 ItemParse_model_fovx
0     fb97 ItemParse_model_fovy
0     fbbd ItemParse_model_rotation
0     fbe3 ItemParse_model_angle
0     fc07 ItemParse_rect
0     fc20 ItemParse_flag
0     fc8b ItemParse_style
0     fca9 ItemParse_decoration
0     fcbc ItemParse_notselectable
0     fcdf ItemParse_wrapped
0     fcf2 ItemParse_autowrapped
0     fd05 ItemParse_horizontalscroll
0     fd18 ItemParse_type
0     fd37 ItemParse_elementwidth
0     fd5d ItemParse_elementheight
0     fd83 ItemParse_feeder
0     fd9c ItemParse_elementtype
0     fdcd ItemParse_columns
0     fe70 ItemParse_border
0     fe89 ItemParse_bordersize
0     fea2 ItemParse_visible
0     feca ItemParse_ownerdraw
0     fee9 ItemParse_align
0     ff02 ItemParse_textalign
0     ff20 ItemParse_textalignx
0     ff39 ItemParse_textaligny
0     ff52 ItemParse_textscale
0     ff6b ItemParse_textstyle
0     ff84 ItemParse_backcolor
0     ffb3 ItemParse_forecolor
0     fff0 ItemParse_bordercolor
0    1001f ItemParse_outlinecolor
0    10038 ItemParse_background
0    1005e ItemParse_cinematic
0    10077 ItemParse_doubleClick
0    100a8 ItemParse_onFocus
0    100c1 ItemParse_leaveFocus
0    100da ItemParse_mouseEnter
0    100f3 ItemParse_mouseExit
0    1010c ItemParse_mouseEnterText
0    10125 ItemParse_mouseExitText
0    1013e ItemParse_action
0    10157 ItemParse_special
0    10170 ItemParse_cvarTest
0    10189 ItemParse_cvar
0    101ea ItemParse_font
0    10209 ItemParse_maxChars
0    1023e ItemParse_maxPaintChars
0    10273 ItemParse_maxLineChars
0    102a8 ItemParse_lineHeight
0    102de ItemParse_cvarFloat
0    1033d ItemParse_cvarStrList
0    103ff ItemParse_cvarFloatList
0    104bd ItemParse_addColorRange
0    1051f ItemParse_ownerdrawFlag
0    10544 ItemParse_enableCvar
0    10563 ItemParse_disableCvar
0    10582 ItemParse_showCvar
0    105a1 ItemParse_hideCvar
0    105c0 ItemParse_Appearance_slot
0    105d9 Item_SetupKeywordHash
0    10605 Item_Parse
0    10684 Item_TextScroll_BuildLines
0    107c3 Item_InitControls
0    10800 MenuParse_font
0    10843 MenuParse_name
0    10870 MenuParse_fullscreen
0    1088d MenuParse_rect
0    108a8 MenuParse_style
0    108ca MenuParse_visible
0    108f6 MenuParse_onOpen
0    10913 MenuParse_onClose
0    10930 MenuParse_onESC
0    1094d MenuParse_border
0    1096a MenuParse_borderSize
0    10987 MenuParse_backcolor
0    109ba MenuParse_descAlignment
0    109dc MenuParse_descX
0    109f9 MenuParse_descY
0    10a16 MenuParse_descScale
0    10a33 MenuParse_descColor
0    10a66 MenuParse_forecolor
0    10aa7 MenuParse_bordercolor
0    10ada MenuParse_focuscolor
0    10b0d MenuParse_disablecolor
0    10b40 MenuParse_outlinecolor
0    10b5d MenuParse_background
0    10b87 MenuParse_cinematic
0    10ba4 MenuParse_ownerdrawFlag
0    10bcd MenuParse_ownerdraw
0    10bea MenuParse_popup
0    10c01 MenuParse_outOfBounds
0    10c18 MenuParse_soundLoop
0    10c35 MenuParse_fadeClamp
0    10c52 MenuParse_fadeAmount
0    10c6f MenuParse_fadeCycle
0    10c8c MenuParse_itemDef
0    10d11 MenuParse_appearanceIncrement
0    10d2e Menu_SetupKeywordHash
0    10d5a Menu_Parse
0    10dd9 Menu_New
0    10e0d Menu_Count
0    10e13 Menu_PaintAll
0    10eaa Menu_Reset
0    10eb0 Display_GetContext
0    10eb6 Display_CaptureItem
0    10eeb Display_MouseMove
0    10f63 Display_CursorType
0    10faf Display_HandleKey
0    10fdc Window_CacheContents
0    11015 Item_CacheContents
0    11022 Menu_CacheContents
0    1106e Display_CacheAll
0    1108b Menu_OverActiveItem
0    1113e UI_ParseInfos
0    1122c UI_LoadArenasFromFile
0    112ac UI_LoadArenas
0    114ca UI_LoadBotsFromFile
0    1157b UI_LoadBots
0    115fc UI_GetBotInfoByNumber
0    11627 UI_GetBotInfoByName
0    11666 UI_GetNumBots
0    1166c UI_GetBotNameByNumber
0    1168e BG_LegalizedForcePowers
0    11a5b vectoyaw
0    11ab5 BG_HasYsalamiri
0    11ae4 BG_CanUseFPNow
0    11b4b BG_FindItemForPowerup
0    11b87 BG_FindItemForHoldable
0    11bc1 BG_FindItemForWeapon
0    11bf4 BG_FindItem
0    11c1d BG_PlayerTouchesItem
0    11c7d BG_ProperForceIndex
0    11ca0 BG_CycleForce
0    11d78 BG_GetItemIndexByTag
0    11da8 BG_CycleInven
0    11e14 BG_CanItemBeGrabbed
0    12011 BG_EvaluateTrajectory
0    121df BG_EvaluateTrajectoryDelta
0    122d9 BG_AddPredictableEventToPlayerstate
0    12314 BG_TouchJumpPad
0    12378 BG_PlayerStateToEntityState
0    12683 BG_PlayerStateToEntityStateExtraPolate
0    1299b BG_SwingAngles
0    12aa0 BG_AddPainTwitch
0    12ae1 BG_G2PlayerAngles
0    12c7e BG_Alloc
0    12cbe BG_AllocUnaligned
0    12cf1 BG_TempAlloc
0    12d29 BG_TempFree
0    12d56 BG_StringAlloc
0    12d79 BG_OutOfMemory
0    12d8b swapfunc
0    12e12 med3
0    12e95 qsort
0    1324e strlen
0    13269 strcat
0    132ac strcpy
0    132e1 strcmp
0    1331a strchr
0    13339 strstr
0    1337f tolower
0    13397 toupper
0    133af memmove
0    133f6 tan
0    1340d srand
0    13414 rand
0    13429 atof
0    134ee _atof
0    135b9 atoi
0    13631 _atoi
0    136b3 abs
0    136c8 fabs
0    136dd AddInt
0    137b8 AddFloat
0    138c6 AddString
0    1395d vsprintf
0    13af5 sscanf
0    13b60 Q_rand
0    13b75 Q_random
0    13b87 Q_crandom
0    13b98 VectorCompare
0    13bd0 VectorLength
0    13c03 VectorLengthSquared
0    13c2f Distance
0    13c70 DistanceSquared
0    13cbe VectorNormalizeFast
0    13d1d VectorInverse
0    13d45 CrossProduct
0    13dbe ClampChar
0    13dd5 ClampShort
0    13dec DirToByte
0    13e47 ByteToDir
0    13e65 ColorBytes3
0    13ed4 ColorBytes4
0    13f66 NormalizeColor
0    13fdc PlaneFromPoints
0    1409a RotatePointAroundVector
0    141a5 RotateAroundDirection
0    141e9 vectoangles
0    142a5 AnglesToAxis
0    142da AxisClear
0    14311 AxisCopy
0    14335 ProjectPointOnPlane
0    143f0 MakeNormalVectors
0    1449b VectorRotate
0    14538 Q_rsqrt
0    1456f Q_fabs
0    1457f LerpAngle
0    145b0 AngleSubtract
0    145d5 AnglesSubtract
0    14623 AngleMod
0    14635 AngleNormalize360
0    14643 AngleNormalize180
0    1465e AngleDelta
0    1466e SetPlaneSignbits
0    1469b BoxOnPlaneSide
0    14a5c RadiusFromBounds
0    14aaf ClearBounds
0    14ae6 AddPointToBounds
0    14b7f VectorNormalize
0    14bef VectorNormalize2
0    14c7d _VectorMA
0    14cbf _DotProduct
0    14cf4 _VectorSubtract
0    14d2d _VectorAdd
0    14d66 _VectorCopy
0    14d8d _VectorScale
0    14dbd Vector4Scale
0    14dff Q_log2
0    14e1e MatrixMultiply
0    14ff3 AngleVectors
0    150eb PerpendicularVector
0    15157 Rand_Init
0    1515e flrand
0    15199 irand
0    151cb powf
0    151ee GetIDForString
0    15233 GetStringForID
0    1526f Com_Clamp
0    15289 COM_SkipPath
0    152ad COM_StripExtension
0    152e3 COM_DefaultExtension
0    1532b ShortSwap
0    1534b ShortNoSwap
0    15356 LongSwap
0    15389 LongNoSwap
0    1538f Long64Swap
0    153cc Long64NoSwap
0    153d4 FloatSwap
0    153ea FloatNoSwap
0    153f1 COM_BeginParseSession
0    15403 COM_GetCurrentParseLine
0    15409 COM_Parse
0    15418 COM_ParseError
0    15438 COM_ParseWarning
0    15458 SkipWhitespace
0    1548f COM_Compress
0    155e2 COM_ParseExt
0    1572e COM_MatchToken
0    15757 SkipBracedSection
0    15795 SkipRestOfLine
0    157cd Parse1DMatrix
0    1580c Parse2DMatrix
0    15847 Parse3DMatrix
0    1588c Q_isprint
0    158a1 Q_islower
0    158b6 Q_isupper
0    158cb Q_isalpha
0    158ec Q_strrchr
0    15920 Q_strncpyz
0    1595b Q_stricmpn
0    159e6 Q_strncmp
0    15a38 Q_stricmp
0    15a60 Q_strlwr
0    15a86 Q_strupr
0    15aac Q_strcat
0    15ad8 Q_PrintStrlen
0    15b28 Q_CleanStr
0    15b8e Com_sprintf
0    15bcd va
0    15bfa Info_ValueForKey
0    15cda Info_NextPair
0    15d78 Info_RemoveKey
0    15e48 Info_RemoveKey_Big
0    15f18 Info_Validate
0    15f3f Info_SetValueForKey
0    1600f Info_SetValueForKey_Big
0    160d7 Q_irand
1        4 MonthAbbrev
1       34 skillLevels
1       48 numSkillLevels
1       4c netSources
1       58 numNetSources
1       5c serverFilters
1       6c teamArenaGameTypes
1       94 numTeamArenaGameTypes
1       98 numServerFilters
1       9c netnames
1       ac gamecodetoui
1       c8 uitogamecode
1       e4 uiSkinColor
1      130 frameCount
1      134 defaultMenu
1      138 handicapValues
1      18c updateModel
1      190 q3Model
1      5c8 gUISelectedMap
1      5d0 serverStatusCvars
1      6ac cvarTable
1      e0c cvarTableSize
1      e10 newUI
1      e14 uiForceSide
1      e18 uiForceRank
1      e1c uiMaxRank
1      e20 uiMaxPoints
1      e24 uiForceUsed
1      e28 uiForceAvailable
1      e2c gTouchedForce
1      e30 uiForcePowersRank
1      e78 uiForcePowerDarkLight
1      ec0 gCustRank
1      ec4 gCustSide
1      ec8 gCustPowersRank
1      f10 captureFunc
1      f14 captureData
1      f18 itemCapture
1      f1c DC
1      f20 g_waitingForKey
1      f24 g_editingField
1      f28 g_bindItem
1      f2c g_editItem
1      f30 menuCount
1      f34 openMenuCount
1      f38 debugMode
1      f3c lastListBoxClickTime
1      f40 itemFlags
1      f50 styles
1      f6c alignment
1      f7c types
1      fbc strPoolIndex
1      fc0 strHandleCount
1      fcc FPMessageTime
1      fd0 ui_deferredScriptItem
1      fd4 commandList
1     1094 scriptCommandCount
1     115c g_bindings
1     1a2c itemParseKeywords
1     1d8c menuParseKeywords
1     1f40 forceMasteryLevels
1     1f60 forceMasteryPoints
1     1f80 bgForcePowerCost
1     20a0 forcePowerSorted
1     20e8 forcePowerDarkLight
1     2130 WeaponReadyAnim
1     2170 WeaponAttackAnim
1     21b0 bg_itemlist
1     2a6c bg_numItems
1     2ac4 eventnames
1     2c9c bg_poolSize
1     2ca0 bg_poolTail
1     2ca4 WP_MuzzlePoint
1     2d64 weaponData
1     30e4 ammoData
1     310c randSeed
1     3180 vec3_origin
1     318c axisDefault
1     31b0 colorBlack
1     31c0 colorRed
1     31d0 colorGreen
1     31e0 colorBlue
1     31f0 colorYellow
1     3200 colorMagenta
1     3210 colorCyan
1     3220 colorWhite
1     3230 colorLtGrey
1     3240 colorMdGrey
1     3250 colorDkGrey
1     3260 colorLtBlue
1     3270 colorDkBlue
1     3280 g_color_table
1     3300 bytedirs
1     3ab8 holdrand
1     19b4 g_bindCount
2        0 holdSPString
2   4af664 _stackStart
2   4bf664 _stackEnd
3     8c40 k_language
3     8d50 s_language
3     8e60 ui_realWarmUp
3     8f70 ui_realCaptureLimit
3     9080 ui_recordSPDemo
3     9190 ui_hudFiles
3     92a0 ui_Q3Model
3     93b0 ui_findPlayer
3     94c0 ui_scoreCaptures
3     95d0 ui_teamName
3     96e0 ui_blueteam8
3     97f0 ui_blueteam7
3     9900 ui_blueteam6
3     9a10 ui_blueteam5
3     9b20 ui_blueteam4
3     9c30 ui_blueteam3
3     9d40 ui_blueteam2
3     9e50 ui_blueteam1
3     9f60 ui_blueteam
3     a070 ui_redteam8
3     a180 ui_redteam7
3     a290 ui_redteam6
3     a3a0 ui_redteam5
3     a4b0 ui_redteam4
3     a5c0 ui_redteam3
3     a6d0 ui_redteam2
3     a7e0 ui_redteam1
3     a8f0 ui_redteam
3     aa00 lastLoadingText
3     ae00 lastConnState
3     ae04 parsedFPMessage
3     b204 ui_rankChange
3     b314 startTime
3     b318 ui_initialized
3     b428 ui_debug
3     b538 uiInfo
3    22894 ui_serverStatusTimeOut
3    229a4 ui_bigFont
3    22ab4 ui_smallFont
3    22bc4 ui_scoreTime
3    22cd4 ui_scoreShutoutBonus
3    22de4 ui_scoreSkillBonus
3    22ef4 ui_scoreTimeBonus
3    23004 ui_scoreBase
3    23114 ui_scoreTeam
3    23224 ui_scorePerfect
3    23334 ui_scoreScore
3    23444 ui_scoreGauntlets
3    23554 ui_scoreAssists
3    23664 ui_scoreDefends
3    23774 ui_scoreExcellents
3    23884 ui_scoreImpressives
3    23994 ui_scoreAccuracy
3    23aa4 ui_singlePlayerActive
3    23bb4 ui_lastServerRefresh_3
3    23cc4 ui_lastServerRefresh_2
3    23dd4 ui_lastServerRefresh_1
3    23ee4 ui_lastServerRefresh_0
3    23ff4 ui_selectedPlayerName
3    24104 ui_selectedPlayer
3    24214 ui_currentOpponent
3    24324 ui_mapIndex
3    24434 ui_currentNetMap
3    24544 ui_currentMap
3    24654 ui_currentTier
3    24764 ui_menuFiles
3    24874 ui_opponentName
3    24984 ui_dedicated
3    24a94 ui_serverFilterType
3    24ba4 ui_netSource
3    24cb4 ui_joinGameType
3    24dc4 ui_actualNetGameType
3    24ed4 ui_netGameType
3    24fe4 ui_gameType
3    250f4 ui_fragLimit
3    25204 ui_captureLimit
3    25314 ui_cdkeychecked
3    25424 ui_server16
3    25534 ui_server15
3    25644 ui_server14
3    25754 ui_server13
3    25864 ui_server12
3    25974 ui_server11
3    25a84 ui_server10
3    25b94 ui_server9
3    25ca4 ui_server8
3    25db4 ui_server7
3    25ec4 ui_server6
3    25fd4 ui_server5
3    260e4 ui_server4
3    261f4 ui_server3
3    26304 ui_server2
3    26414 ui_server1
3    26524 ui_marks
3    26634 ui_drawCrosshairNames
3    26744 ui_drawCrosshair
3    26854 ui_browserShowEmpty
3    26964 ui_browserShowFull
3    26a74 ui_browserSortKey
3    26b84 ui_browserGameType
3    26c94 ui_browserMaster
3    26da4 ui_spSelection
3    26eb4 ui_spSkill
3    26fc4 ui_spVideos
3    270d4 ui_spAwards
3    271e4 ui_spScores5
3    272f4 ui_spScores4
3    27404 ui_spScores3
3    27514 ui_spScores2
3    27624 ui_spScores1
3    27734 ui_botsFile
3    27844 ui_arenasFile
3    27954 ui_ctf_friendly
3    27a64 ui_ctf_timelimit
3    27b74 ui_ctf_capturelimit
3    27c84 ui_team_friendly
3    27d94 ui_team_timelimit
3    27ea4 ui_team_fraglimit
3    27fb4 ui_selectedModelIndex
3    280c4 ui_tourney_timelimit
3    281d4 ui_tourney_fraglimit
3    282e4 ui_ffa_timelimit
3    283f4 ui_ffa_fraglimit
3    28d04 m_entersound
3    28d08 uiForceStarShaders
3    28d50 ui_forcePowerDisable
3    28e60 ui_freeSaber
3    28f70 uiSaberColorShaders
3    2af98 menuParseKeywordHash
3    2b798 itemParseKeywordHash
3    2bf98 g_nameBind2
3    2bfb8 g_nameBind1
3    2bfd8 ui_deferredScript
3    2c7d8 strHandle
3    2e7d8 strPool
3    8e7d8 outOfMemory
3    8e7dc allocPoint
3    8e7e0 memoryPool
3   28e7e0 menuStack
3   28e820 Menus
3   2a3420 scrollInfo
3   2a3440 ui_arenaInfos
3   2a4440 ui_numArenas
3   2a4444 ui_botInfos
3   2a5444 ui_numBots
3   2a5448 bg_pool
3   4aee60 com_lines
3   4aee64 com_parsename
3   4af264 com_token
