0 fffffed3 trap_CG_RegisterSharedMemory
0 fffffed4 trap_G2API_SetNewOrigin
0 fffffed5 trap_G2API_SetSurfaceOnOff
0 fffffed6 trap_G2API_SetRootSurface
0 fffffed7 trap_G2API_SetBoltInfo
0 fffffed8 trap_G2API_AddBolt
0 fffffed9 trap_G2API_RemoveGhoul2Model
0 fffffeda trap_G2API_HasGhoul2ModelOnIndex
0 fffffedb trap_G2API_DuplicateGhoul2Instance
0 fffffedc trap_G2API_CopySpecificGhoul2Model
0 fffffedd trap_G2API_CopyGhoul2Instance
0 fffffede trap_G2API_GetGLAName
0 fffffedf trap_G2API_SetBoneAnim
0 fffffee0 trap_G2API_SetBoneAngles
0 fffffee1 trap_G2API_CleanGhoul2Models
0 fffffee2 trap_G2API_InitGhoul2Model
0 fffffee3 trap_G2API_GetBoltMatrix_NoReconstruct
0 fffffee4 trap_G2API_GetBoltMatrix
0 fffffee5 trap_G2API_GiveMeVectorFromMatrix
0 fffffee6 trap_G2_HaveWeGhoul2Models
0 fffffee7 trap_G2_SetGhoul2ModelIndexes
0 fffffee8 trap_G2_ListModelBones
0 fffffee9 trap_G2_ListModelSurfaces
0 fffffeea trap_ROFF_Purge_Ent
0 fffffeeb trap_ROFF_Play
0 fffffeec trap_ROFF_Cache
0 fffffeed trap_ROFF_UpdateEntities
0 fffffeee trap_ROFF_Clean
0 fffffeef trap_SP_Register
0 fffffef0 trap_SP_GetStringTextString
0 fffffef1 trap_SP_Print
0 fffffef2 trap_FX_AddSprite
0 fffffef3 trap_FX_AddPrimitive
0 fffffef4 trap_FX_AddBezier
0 fffffef5 trap_FX_AddPoly
0 fffffef6 trap_FX_AdjustTime
0 fffffef7 trap_FX_FreeSystem
0 fffffef8 trap_FX_InitSystem
0 fffffef9 trap_FX_AddScheduledEffects
0 fffffefa trap_FX_PlayBoltedEffectID
0 fffffefb trap_FX_PlayEntityEffectID
0 fffffefc trap_FX_PlayEffectID
0 fffffefd trap_FX_PlaySimpleEffectID
0 fffffefe trap_FX_PlayEntityEffect
0 fffffeff trap_FX_PlayEffect
0 ffffff00 trap_FX_PlaySimpleEffect
0 ffffff01 trap_FX_RegisterEffect
0 ffffff02 trap_R_inPVS
0 ffffff03 trap_GetEntityToken
0 ffffff04 trap_CIN_SetExtents
0 ffffff05 trap_CIN_DrawCinematic
0 ffffff06 trap_CIN_RunCinematic
0 ffffff07 trap_CIN_StopCinematic
0 ffffff08 trap_CIN_PlayCinematic
0 ffffff09 trap_SnapVector
0 ffffff0a trap_RealTime
0 ffffff0b trap_S_StopBackgroundTrack
0 ffffff0c trap_PC_RemoveAllGlobalDefines
0 ffffff0d trap_PC_LoadGlobalDefines
0 ffffff0e trap_PC_SourceFileAndLine
0 ffffff0f trap_PC_ReadToken
0 ffffff10 trap_PC_FreeSource
0 ffffff11 trap_PC_LoadSource
0 ffffff12 trap_PC_AddGlobalDefine
0 ffffff13 trap_Key_GetKey
0 ffffff14 trap_Key_SetCatcher
0 ffffff15 trap_Key_GetCatcher
0 ffffff16 trap_Key_IsDown
0 ffffff17 trap_MemoryRemaining
0 ffffff1a trap_OpenUIMenu
0 ffffff1b trap_SetClientTurnExtent
0 ffffff1c trap_SetClientForceAngle
0 ffffff1d trap_SetUserCmdValue
0 ffffff1e trap_GetUserCmd
0 ffffff1f trap_GetCurrentCmdNumber
0 ffffff20 trap_GetServerCommand
0 ffffff21 trap_GetSnapshot
0 ffffff22 trap_GetCurrentSnapshotNumber
0 ffffff23 trap_GetGameState
0 ffffff24 trap_GetGlconfig
0 ffffff25 trap_FX_AddLine
0 ffffff26 trap_R_GetBModelVerts
0 ffffff27 trap_R_SetLightStyle
0 ffffff28 trap_R_GetLightStyle
0 ffffff29 trap_R_RemapShader
0 ffffff2a trap_R_DrawRotatePic2
0 ffffff2b trap_R_DrawRotatePic
0 ffffff2c trap_R_LerpTag
0 ffffff2d trap_R_ModelBounds
0 ffffff2e trap_R_DrawStretchPic
0 ffffff2f trap_R_SetColor
0 ffffff30 trap_R_RenderScene
0 ffffff31 trap_R_AddAdditiveLightToScene
0 ffffff32 trap_R_AddLightToScene
0 ffffff33 trap_R_LightForPoint
0 ffffff34 trap_R_AddPolysToScene
0 ffffff35 trap_R_AddPolyToScene
0 ffffff36 trap_R_AddRefEntityToScene
0 ffffff37 trap_R_ClearScene
0 ffffff8e asin
0 ffffff8f acos
0 ffffff90 ceil
0 ffffff91 floor
0 ffffff92 perpendicularvector
0 ffffff93 anglevectors
0 ffffff94 matrixmultiply
0 ffffff95 sqrt
0 ffffff96 atan2
0 ffffff97 cos
0 ffffff98 sin
0 ffffff99 strncpy
0 ffffff9a memcpy
0 ffffff9b memset
0 ffffffcb trap_AnyLanguage_ReadCharFromString
0 ffffffcc trap_R_Font_DrawString
0 ffffffcd trap_R_Font_HeightPixels
0 ffffffce trap_R_Font_StrLenChars
0 ffffffcf trap_R_Font_StrLenPixels
0 ffffffd0 trap_R_RegisterFont
0 ffffffd1 trap_R_RegisterShaderNoMip
0 ffffffd2 trap_R_RegisterShader
0 ffffffd3 trap_R_RegisterSkin
0 ffffffd4 trap_R_RegisterModel
0 ffffffd5 trap_R_LoadWorldMap
0 ffffffd6 trap_S_StartBackgroundTrack
0 ffffffd7 trap_S_RegisterSound
0 ffffffd8 trap_S_Respatialize
0 ffffffd9 trap_S_StopLoopingSound
0 ffffffda trap_S_AddRealLoopingSound
0 ffffffdb trap_S_UpdateEntityPosition
0 ffffffdc trap_S_AddLoopingSound
0 ffffffdd trap_S_ClearLoopingSounds
0 ffffffde trap_S_StartLocalSound
0 ffffffdf trap_S_StartSound
0 ffffffe0 trap_S_MuteSound
0 ffffffe1 trap_CM_MarkFragments
0 ffffffe2 trap_CM_TransformedCapsuleTrace
0 ffffffe3 trap_CM_TransformedBoxTrace
0 ffffffe4 trap_CM_CapsuleTrace
0 ffffffe5 trap_CM_BoxTrace
0 ffffffe6 trap_CM_TransformedPointContents
0 ffffffe7 trap_CM_PointContents
0 ffffffe8 trap_CM_TempCapsuleModel
0 ffffffe9 trap_CM_TempBoxModel
0 ffffffea trap_CM_InlineModel
0 ffffffeb trap_CM_NumInlineModels
0 ffffffec trap_CM_LoadMap
0 ffffffed trap_UpdateScreen
0 ffffffee trap_SendClientCommand
0 ffffffef trap_RemoveCommand
0 fffffff0 trap_AddCommand
0 fffffff1 trap_SendConsoleCommand
0 fffffff2 trap_FS_FCloseFile
0 fffffff3 trap_FS_Write
0 fffffff4 trap_FS_Read
0 fffffff5 trap_FS_FOpenFile
0 fffffff6 trap_Args
0 fffffff7 trap_Argv
0 fffffff8 trap_Argc
0 fffffff9 trap_Cvar_VariableStringBuffer
0 fffffffa trap_Cvar_Set
0 fffffffb trap_Cvar_Update
0 fffffffc trap_Cvar_Register
0 fffffffd trap_Milliseconds
0 fffffffe trap_Error
0 ffffffff trap_Print
0        0 vmMain
0      122 C_PointContents
0      138 C_GetLerpOrigin
0      14a C_GetLerpAngles
0      15c C_GetModelScale
0      16e C_Trace
0      19a C_GetBoltPos
0      20d C_ImpactMark
0      24c CG_RegisterCvars
0      332 CG_ForceModelChange
0      368 CG_UpdateCvars
0      3bb CG_CrosshairPlayer
0      3d4 CG_LastAttacker
0      3e5 CG_Printf
0      3fe CG_Error
0      417 Com_Error
0      432 Com_Printf
0      44d CG_Argv
0      45c CG_RegisterItemSounds
0      4f5 CG_RegisterSounds
0      a8e CG_RegisterEffects
0      abc CG_RegisterGraphics
0     1137 CG_GetStripEdString
0     1167 CG_BuildSpectatorString
0     11bb CG_RegisterClients
0     1206 CG_ConfigString
0     1227 CG_StartMusic
0     126a CG_GetMenuBuffer
0     12ce CG_Asset_Parse
0     156d CG_ParseMenu
0     15d8 CG_Load_Menu
0     1628 CG_OwnerDrawHandleKey
0     162d CG_FeederCount
0     1689 CG_SetScoreSelection
0     1720 CG_InfoFromScoreIndex
0     1773 CG_FeederItemText
0     18e3 CG_FeederItemImage
0     18e8 CG_FeederSelection
0     1933 CG_Cvar_Get
0     1952 CG_Text_PaintWithCursor
0     1976 CG_OwnerDrawWidth
0     1a07 CG_PlayCinematic
0     1a26 CG_StopCinematic
0     1a2f CG_DrawCinematic
0     1a4e CG_RunCinematicFrame
0     1a57 CG_LoadHudMenu
0     1af2 CG_AssetCache
0     1b9f CG_Init_CG
0     1bab CG_Init_CGents
0     1bb7 CG_InitItems
0     1bc3 CG_Init
0     1f8c CG_Shutdown
0     1f98 CG_NextForcePower_f
0     1fdc CG_PrevForcePower_f
0     2020 CG_NextInventory_f
0     206a CG_PrevInventory_f
0     20b4 CG_TargetCommand_f
0     20e6 CG_SizeUp_f
0     20fc CG_SizeDown_f
0     2112 CG_Viewpos_f
0     212c CG_ScoresDown_f
0     2151 CG_ScoresUp_f
0     215f CG_scrollScoresDown_f
0     2188 CG_scrollScoresUp_f
0     21b1 CG_spWin_f
0     21e6 CG_spLose_f
0     221b CG_TellTarget_f
0     2246 CG_TellAttacker_f
0     2271 CG_VoiceTellTarget_f
0     229c CG_VoiceTellAttacker_f
0     22c7 CG_NextTeamMember_f
0     22cd CG_PrevTeamMember_f
0     22d3 CG_NextOrder_f
0     2346 CG_ConfirmOrder_f
0     2376 CG_DenyOrder_f
0     2397 CG_TaskOffense_f
0     23ce CG_TaskDefense_f
0     23ed CG_TaskPatrol_f
0     240c CG_TaskCamp_f
0     242b CG_TaskFollow_f
0     244a CG_TaskRetrieve_f
0     2469 CG_TaskEscort_f
0     2488 CG_TaskOwnFlag_f
0     2499 CG_TauntKillInsult_f
0     24a1 CG_TauntPraise_f
0     24a9 CG_TauntTaunt_f
0     24b1 CG_TauntDeathInsult_f
0     24b9 CG_TauntGauntlet_f
0     24c1 CG_TaskSuicide_f
0     24e3 CG_StartOrbit_f
0     252b CG_ConsoleCommand
0     2569 CG_InitConsoleCommands
0     268f MenuFontToHandle
0     26b6 CG_Text_Width
0     26d4 CG_Text_Height
0     26ef CG_Text_Paint
0     275f CG_DrawZoomMask
0     2ab7 CG_Draw3DModel
0     2b25 CG_DrawHead
0     2b5e CG_DrawFlagModel
0     2c43 DrawAmmo
0     2c4c CG_DrawHUDLeftFrame1
0     2c6c CG_DrawHUDLeftFrame2
0     2c8c DrawHealthArmor
0     2ef2 CG_DrawHealth
0     2f99 CG_DrawArmor
0     30e0 CG_DrawHUDRightFrame1
0     3100 CG_DrawHUDRightFrame2
0     3120 CG_DrawAmmo
0     3286 CG_DrawForcePower
0     3322 CG_DrawHUD
0     35af ForcePower_Valid
0     35dc CG_DrawForceSelect
0     3827 CG_DrawInvenSelect
0     3ac2 CG_DrawStats
0     3ad6 CG_DrawTeamBackground
0     3b13 CG_DrawMiniScoreboard
0     3ba0 CG_DrawEnemyInfo
0     3d3e CG_DrawSnapshot
0     3d7e CG_DrawFPS
0     3e0b CG_DrawTimer
0     3e73 CG_DrawTeamOverlay
0     41b2 CG_DrawPowerupIcons
0     4296 CG_DrawUpperRight
0     4302 CG_AddLagometerFrameInfo
0     4322 CG_AddLagometerSnapshotInfo
0     4365 CG_DrawDisconnect
0     443e CG_DrawLagometer
0     464d CG_CenterPrint
0     468b CG_DrawCenterString
0     476d CG_DrawCrosshair
0     496d CG_WorldCoordToScreenCoordFloat
0     4a16 CG_WorldCoordToScreenCoord
0     4a37 CG_SaberClashFlare
0     4b09 CG_DrawHolocronIcons
0     4b93 CG_IsDurationPower
0     4bbc CG_DrawActivePowers
0     4c82 CG_DrawRocketLocking
0     4e3a CG_ScanForCrosshairEntity
0     4f89 CG_DrawCrosshairNames
0     5032 CG_DrawSpectator
0     51a1 CG_DrawVote
0     5212 CG_DrawTeamVote
0     5362 CG_DrawScoreboard
0     536c CG_DrawIntermission
0     537b CG_DrawFollow
0     53fd CG_DrawAmmoWarning
0     5400 CG_DrawWarmup
0     5604 CG_DrawTimedMenus
0     5625 CG_DrawFlagStatus
0     56f7 CG_Draw2D
0     5d04 CG_DrawTourneyScoreboard
0     5d07 CG_DrawActive
0     5d92 CG_DrawRect
0     5dc4 CG_GetColorForHealth
0     5e62 CG_DrawSides
0     5eb8 CG_DrawTopBottom
0     5f0e CG_FillRect2
0     5f3d CG_FillRect
0     5f6c CG_DrawPic
0     5f93 CG_DrawRotatePic
0     5fbd CG_DrawRotatePic2
0     5fe7 CG_DrawChar
0     604e CG_DrawStringExt
0     615a CG_DrawBigString
0     6192 CG_DrawBigStringColor
0     61b8 CG_DrawSmallString
0     61ec CG_DrawSmallStringColor
0     620d CG_DrawStrlen
0     6255 CG_TileClearBox
0     629c CG_TileClear
0     6333 CG_FadeColor
0     6377 CG_ColorForGivenHealth
0     63c6 CG_ColorForHealth
0     642b CG_DrawNumField
0     665b UI_DrawProportionalString
0     66e4 UI_DrawScaledProportionalString
0     675b CG_BubbleTrail
0     68f9 CG_SmokePuff
0     6a5c CG_TestLine
0     6b2d CG_ThrowChunk
0     6be0 CG_DoGlassQuad
0     6d4d CG_CalcBiLerp
0     734a CG_CalcHeightWidth
0     74f7 CG_InitGlass
0     754e Vector2Set
0     755d CG_DoGlass
0     77d9 CG_GlassShatter
0     7811 CG_GlassShatter_Old
0     79a7 CG_CreateDebris
0     7bc4 CG_ScorePlum
0     7c8c CG_ExplosionEffects
0     7cd2 CG_MakeExplosion
0     7e91 CG_SurfaceExplosion
0     8136 CG_Bleed
0     819d CG_LaunchGib
0     821c CG_GibPlayer
0     84ab CG_LaunchExplode
0     852a CG_BigExplode
0     8684 CG_PositionEntityOnTag
0     8758 CG_PositionRotatedEntityOnTag
0     8829 CG_SetEntitySoundPosition
0     8886 CG_EntityEffects
0     897a FX_AddOrientedLine
0     8a42 FX_DrawPortableShield
0     8b56 CG_Special
0     8b79 CG_SetGhoul2Info
0     8ba2 CG_CreateBBRefEnts
0     8ba5 G2_BoltToGhoul2Model
0     8c56 ScaleModelAxis
0     8d5e CG_General
0     9b00 CG_Speaker
0     9b71 CG_GreyItem
0     9b9e CG_Item
0     a276 CG_Missile
0     a637 CG_Mover
0     a6b1 CG_Beam
0     a6e5 CG_Portal
0     a75c CG_AdjustPositionForMover
0     a813 LerpBoneAngleOverrides
0     a816 CG_InterpolateEntityPosition
0     a8dc CG_CalcEntityLerpPositions
0     a981 CG_TeamBase
0     a9d1 CG_AddCEntity
0     aa86 CG_ManualEntityRender
0     aa8f CG_AddPacketEntities
0     ab78 CG_ROFF_NotetrackCallback
0     ae52 CG_PlaceString
0     af6e CG_Obituary
0     b2cf CG_ToggleBinoculars
0     b339 CG_UseItem
0     b3ec CG_ItemPickup
0     b507 CG_PainEvent
0     b562 CG_ReattachLimb
0     b5da CG_BodyQueueCopy
0     b7b8 CG_TeamName
0     b7d5 CG_PrintCTFMessage
0     b8f1 CG_GetCTFMessageEvent
0     b932 DoFall
0     ba00 CG_InClientBitflags
0     ba4f CG_EntityEvent
0     d308 CG_CheckEvents
0     d39e CG_LoadingString
0     d3ae CG_LoadingItem
0     d3c9 CG_LoadingClient
0     d3f6 CG_DrawInformation
0     da64 CG_LoadBar
0     db22 CG_ClearLightStyles
0     db44 CG_RunLightStyles
0     dc0e CG_SetLightstyle
0     dc99 CG_InitLocalEntities
0     dccf CG_FreeLocalEntity
0     dd08 CG_AllocLocalEntity
0     dd46 CG_BloodTrail
0     ddbb CG_FragmentBounceMark
0     de5e CG_FragmentBounceSound
0     de77 CG_ReflectVelocity
0     df6d CG_AddFragment
0     e0e8 CG_AddFadeRGB
0     e1ba CG_AddFadeScaleModel
0     e371 CG_AddMoveScaleFade
0     e45c CG_AddPuff
0     e568 CG_AddScaleFade
0     e601 CG_AddFallScaleFade
0     e6b3 CG_AddExplosion
0     e724 CG_AddSpriteExplosion
0     e7f0 CG_AddRefEntity
0     e80b CG_AddScorePlum
0     ea41 CG_AddOLine
0     eb65 CG_AddLine
0     eb78 CG_AddLocalEntities
0     ec28 CG_InitMarkPolys
0     ec5e CG_FreeMarkPoly
0     ec97 CG_AllocMark
0     ecee CG_ImpactMark
0     efc8 CG_AddMarks
0     f292 CG_ClearParticles
0     f335 CG_AddParticleToScene
0    10b51 CG_AddParticles
0    10d56 CG_ParticleSnowFlurry
0    10ef2 CG_ParticleSnow
0    11048 CG_ParticleBubble
0    111c7 CG_ParticleSmoke
0    112c6 CG_ParticleBulletDebris
0    11387 CG_ParticleExplosion
0    11492 CG_AddParticleShrapnel
0    11495 CG_NewParticleArea
0    115d6 CG_SnowLink
0    1161c CG_ParticleImpactSmokePuff
0    116ff CG_Particle_Bleed
0    117e3 CG_Particle_OilParticle
0    118e5 CG_Particle_OilSlick
0    11a26 CG_OilSlickRemove
0    11a71 ValidBloodPool
0    11b77 CG_BloodPool
0    11c70 CG_ParticleBloodCloud
0    11dac CG_ParticleSparks
0    11f22 CG_ParticleDust
0    12128 CG_ParticleMisc
0    121c8 CG_CustomSound
0    12236 CG_NeedAnimSequence
0    1226b CG_RegisterClientModelname
0    127bb CG_ColorFromString
0    1281f CG_LoadClientInfo
0    12b11 CG_CopyClientInfoModel
0    12c40 CG_ScanForExistingClientInfo
0    12cfe CG_SetDeferredClientInfo
0    12e28 CG_NewClientInfo
0    13218 CG_ActualLoadDeferredPlayers
0    13260 CG_LoadDeferredPlayers
0    13266 CG_InRoll
0    13290 CG_InRollAnim
0    132b2 CG_SetLerpFrameAnimation
0    1371a CG_FirstAnimFrame
0    1375d CG_InWalkingAnim
0    137b4 CG_FootstepForSurface
0    1384e CG_FootStep
0    138cc CG_RunLerpFrame
0    13d75 CG_ClearLerpFrame
0    13dba CG_PlayerAnimation
0    13ea0 CG_SwingAngles
0    13faa CG_SwingAnglesATST
0    140db CG_AddPainTwitch
0    14122 CG_G2SetBoneAngles
0    14159 CG_G2ClientSpineAngles
0    14497 CG_G2PlayerAngles
0    14a88 CG_HasteTrail
0    14b05 CG_PlayerFlag
0    14c22 CG_PlayerPowerups
0    14cf0 CG_PlayerFloatSprite
0    14d3c CG_PlayerShadow
0    14df9 CG_PlayerSplash
0    14eec CG_ForcePushBlur
0    14feb CG_ForceGripEffect
0    15108 CG_AddRefEntityWithPowerups
0    15176 CG_PlayerShieldHit
0    151ea CG_DrawPlayerShield
0    1529e CG_PlayerHitFX
0    152c9 CG_LightVerts
0    153f9 CG_DoSaber
0    1561a CG_GetTagWorldPosition
0    156e3 CG_CreateSaberMarks
0    159e2 CG_AddSaberBlade
0    1605f CG_IsMindTricked
0    160b1 CG_DrawPlayerSphere
0    1614e CG_AddLightningBeam
0    162f1 CG_AddRandomLightning
0    163e7 CG_ThereIsAMaster
0    16412 CG_Player
0    182e9 CG_ResetPlayerEntity
0    1844e CG_CheckAmmo
0    18451 CG_DamageFeedback
0    18594 CG_Respawn
0    185a5 CG_CheckPlayerstateEvents
0    18687 CG_CheckChangedPredictableEvents
0    18714 CG_CheckLocalSounds
0    1890c CG_TransitionPlayerState
0    189c2 CG_BuildSolidList
0    18a51 CG_ClipMoveToEntities
0    18b62 CG_Trace
0    18ba6 CG_PointContents
0    18c16 CG_InterpolatePlayerState
0    18d4b CG_TouchItem
0    18e3d CG_TouchTriggerPrediction
0    18ef4 CG_EntityStateToPlayerState
0    1908e CG_PredictPlayerState
0    19409 CGSagaGetValueGroup
0    19504 CGSagaGetPairedValue
0    196dc CG_InitSagaMode
0    1976f CG_SagaRoundOver
0    19846 CG_SagaObjectiveCompleted
0    19969 CG_DrawClientScore
0    19c25 CG_TeamScoreboard
0    19ca2 CG_GetTeamCount
0    19ce4 CG_DrawOldScoreboard
0    1a2cc CG_ValidOrder
0    1a2fe CG_ParseScores
0    1a532 CG_ParseTeamInfo
0    1a601 CG_ParseServerinfo
0    1a7be CG_ParseWarmup
0    1a7dd CG_SetConfigValues
0    1a8f9 CG_ShaderStateChanged
0    1a9b1 CG_ConfigStringModified
0    1ac68 CG_AddToTeamChat
0    1ade3 CG_KillCEntityInstances
0    1aef4 CG_MapRestart
0    1af7e CG_ParseVoiceChats
0    1b1e1 CG_LoadVoiceChats
0    1b243 CG_HeadModelVoiceChats
0    1b2dd CG_GetVoiceChat
0    1b351 CG_VoiceChatListForClient
0    1b36d CG_PlayVoiceChat
0    1b3e7 CG_PlayBufferedVoiceChats
0    1b415 CG_AddBufferedVoiceChat
0    1b454 CG_VoiceChatLocal
0    1b506 CG_VoiceChat
0    1b59f CG_RemoveChatEscapeChar
0    1b5e5 CG_CheckSVStripEdRef
0    1b712 CG_ServerCommand
0    1ba31 CG_ExecuteNewServerCommands
0    1ba58 CG_ResetEntity
0    1ba9c CG_TransitionEntity
0    1bac9 CG_SetInitialSnapshot
0    1bb8a CG_TransitionSnapshot
0    1bc90 CG_SetNextSnap
0    1bd77 CG_ReadNextSnapshot
0    1bde6 CG_ProcessSnapshots
0    1be96 CreepToPosition
0    1c063 TurretClientRun
0    1c365 CG_TestModel_f
0    1c3f0 CG_TestGun_f
0    1c3fc CG_TestModelNextFrame_f
0    1c412 CG_TestModelPrevFrame_f
0    1c42f CG_TestModelNextSkin_f
0    1c445 CG_TestModelPrevSkin_f
0    1c462 CG_AddTestModel
0    1c4ed CG_CalcVrect
0    1c55a CG_StepOffset
0    1c57c CG_CalcIdealThirdPersonViewTarget
0    1c5bc CG_CalcIdealThirdPersonViewLocation
0    1c5f5 CG_ResetThirdPersonViewDamp
0    1c662 CG_UpdateThirdPersonTargetDamp
0    1c6e9 CG_UpdateThirdPersonCameraDamp
0    1c7af CG_OffsetThirdPersonView
0    1c8d5 CG_OffsetFirstPersonView
0    1cb02 CG_ZoomDown_f
0    1cb12 CG_ZoomUp_f
0    1cb22 CG_CalcFOVFromX
0    1cb5d CG_CalcFov
0    1ccda CG_DamageBlendBlob
0    1cf22 CheckOutOfConstrict
0    1cf8d CG_CalcViewValues
0    1d0b4 CG_PowerupTimerSounds
0    1d0f4 CG_AddBufferedSound
0    1d11e CG_PlayBufferedSounds
0    1d157 CG_UpdateSoundTrackers
0    1d1b0 CG_SE_UpdateShake
0    1d293 CG_SE_UpdateMusic
0    1d2fc CG_CalcScreenEffects
0    1d309 CGCam_Shake
0    1d31f CGCam_SetMusicMult
0    1d33e CG_DrawActiveFrame
0    1d558 CG_RegisterWeapon
0    1e0a5 CG_SetGhoul2InfoRef
0    1e0e2 CG_RegisterItemVisuals
0    1e244 CG_MapTorsoToWeaponFrame
0    1e346 CG_CalculateWeaponPosition
0    1e42b CG_LightningBolt
0    1e450 CG_AddWeaponWithPowerups
0    1e47f CG_AddPlayerWeapon
0    1e984 CG_AddViewWeapon
0    1eb35 CG_DrawIconBackground
0    1ed0c CG_WeaponCheck
0    1ed45 CG_WeaponSelectable
0    1eda6 CG_DrawWeaponSelect
0    1f0f6 CG_NextWeapon_f
0    1f15c CG_PrevWeapon_f
0    1f1c2 CG_Weapon_f
0    1f2ed CG_OutOfAmmoChange
0    1f336 CG_FireATST
0    1f354 CG_GetClientWeaponMuzzleBoltPoint
0    1f3ca CG_FireWeapon
0    1f592 CG_MissileHitWall
0    1f672 CG_MissileHitPlayer
0    1f76b CG_Tracer
0    1f978 CG_CalcMuzzlePoint
0    1fb66 CG_InitG2Weapons
0    1fbf2 CG_ShutDownG2Weapons
0    1fc0c CG_CopyG2WeaponInstance
0    1fc43 CG_CheckPlayerG2Weapons
0    1fd67 FX_BlasterProjectileThink
0    1fd89 FX_BlasterAltFireThink
0    1fdab FX_BlasterWeaponHitWall
0    1fdba FX_BlasterWeaponHitPlayer
0    1fddb FX_BowcasterProjectileThink
0    1fdfd FX_BowcasterHitWall
0    1fe0c FX_BowcasterHitPlayer
0    1fe1b FX_BowcasterAltProjectileThink
0    1fe3d FX_BryarProjectileThink
0    1fe5f FX_BryarHitWall
0    1fe6e FX_BryarHitPlayer
0    1fe8f FX_BryarAltProjectileThink
0    1fed1 FX_BryarAltHitWall
0    1ff15 FX_BryarAltHitPlayer
0    1ff36 FX_TurretProjectileThink
0    1ff58 FX_TurretHitWall
0    1ff67 FX_TurretHitPlayer
0    1ff88 FX_DEMP2_ProjectileThink
0    1ffaa FX_DEMP2_HitWall
0    1ffb9 FX_DEMP2_HitPlayer
0    1ffc8 FX_DEMP2_AltBeam
0    1ffcb FX_DEMP2_AltDetonate
0    2003d FX_DisruptorMainShot
0    20074 FX_DisruptorAltShot
0    200e1 FX_DisruptorAltMiss
0    201bd FX_DisruptorAltHit
0    201cc FX_DisruptorHitWall
0    201db FX_DisruptorHitPlayer
0    201ea FX_FlechetteProjectileThink
0    2020c FX_FlechetteWeaponHitWall
0    2021b FX_FlechetteWeaponHitPlayer
0    2022a FX_FlechetteAltProjectileThink
0    2024c FX_RepeaterProjectileThink
0    2026e FX_RepeaterHitWall
0    2027d FX_RepeaterHitPlayer
0    2028c FX_RepeaterAltProjectileThink
0    202ae FX_RepeaterAltHitWall
0    202bd FX_RepeaterAltHitPlayer
0    202cc FX_RocketProjectileThink
0    202ee FX_RocketHitWall
0    202fd FX_RocketHitPlayer
0    2030c FX_RocketAltProjectileThink
0    2032e FX_ForceDrained
0    20365 PM_SlideMove
0    20755 PM_StepSlideMove
0    20aa4 BG_InSpecialJump
0    20ac9 BG_InSaberStandAnim
0    20aef BG_DirectFlippingAnim
0    20b0e BG_SaberInAttack
0    20b3b BG_SaberInSpecial
0    20b58 BG_SaberInIdle
0    20b75 BG_FlippingAnim
0    20bbd BG_SpinningSaberAnim
0    20cd5 BG_SaberInSpecialAttack
0    20cfe BG_InRoll
0    20d24 BG_InDeathAnim
0    20d49 PM_SaberInParry
0    20d5e PM_SaberInReflect
0    20d73 PM_SaberInStart
0    20d88 PM_InSaberAnim
0    20d9f PM_InKnockDown
0    20dcc PM_PainAnim
0    20deb PM_JumpingAnim
0    20e0a PM_LandingAnim
0    20e51 PM_SpinningAnim
0    20e5e PM_InOnGroundAnim
0    20ebb PM_InRollComplete
0    20ee1 PM_AnimLength
0    20f0e PM_DebugLegsAnim
0    20f59 BG_ParseAnimationFile
0    210d1 PM_StartLegsAnim
0    21156 PM_ContinueLegsAnim
0    21176 PM_ForceLegsAnim
0    211e6 PM_StartTorsoAnim
0    21241 PM_SetLegsAnimTimer
0    2125f PM_SetTorsoAnimTimer
0    2127d BG_SaberStartTransAnim
0    212cc PM_SetAnimFinal
0    21508 PM_SetAnim
0    21581 PM_GetSaberStance
0    2159e PM_DoSlowFall
0    215c1 PM_AddEvent
0    215d0 PM_AddEventWithParm
0    215e0 PM_AddTouchEnt
0    21635 PM_ClipVelocity
0    216ae PM_Friction
0    217aa PM_Accelerate
0    21826 PM_CmdScale
0    218bd PM_SetMovementDir
0    21a09 PM_ForceJumpingUp
0    21ac8 PM_JumpForDir
0    21b6b PM_SetPMViewAngle
0    21bac PM_AdjustAngleForWallRun
0    21db0 PM_CheckJump
0    22b4c PM_CheckWaterJump
0    22c33 PM_WaterJumpMove
0    22c74 PM_WaterMove
0    22da5 PM_FlyMove
0    22e30 PM_AirMove
0    22ef3 PM_WalkMove
0    23195 PM_DeadMove
0    2320e PM_NoclipMove
0    23380 PM_FootstepForSurface
0    23399 PM_TryRoll
0    235aa PM_CrashLand
0    238bb PM_CorrectAllSolid
0    239a2 PM_GroundTraceMissed
0    23b0d PM_GroundTrace
0    23ca0 PM_SetWaterLevel
0    23d6d PM_CheckDuck
0    23f43 PM_Use
0    23f8c PM_RunningAnim
0    23fba PM_Footsteps
0    24231 PM_WaterEvents
0    24288 PM_BeginWeaponChange
0    242ee PM_FinishWeaponChange
0    24341 PM_DoChargedWeapons
0    2481b PM_ItemUsable
0    24a46 PM_Weapon
0    25373 PM_Animate
0    253d1 PM_DropTimers
0    2545b PM_UpdateViewAngles
0    254ff PM_AdjustAttackStates
0    25877 BG_CmdForRoll
0    258cc BG_AdjustClientSpeed
0    25c7f PmoveSingle
0    260f5 Pmove
0    261a1 swapfunc
0    26228 med3
0    262ab qsort
0    26664 strlen
0    2667f strcat
0    266c2 strcpy
0    266f7 strcmp
0    26730 strchr
0    2674f strstr
0    26795 tolower
0    267ad toupper
0    267c5 memmove
0    2680c tan
0    26823 srand
0    2682a rand
0    2683f atof
0    26904 _atof
0    269cf atoi
0    26a47 _atoi
0    26ac9 abs
0    26ade fabs
0    26af3 AddInt
0    26bce AddFloat
0    26cdc AddString
0    26d73 vsprintf
0    26f0b sscanf
0    26f76 BG_LegalizedForcePowers
0    27343 vectoyaw
0    2739d BG_HasYsalamiri
0    273cc BG_CanUseFPNow
0    27433 BG_FindItemForPowerup
0    2746f BG_FindItemForHoldable
0    274a9 BG_FindItemForWeapon
0    274dc BG_FindItem
0    27505 BG_PlayerTouchesItem
0    27565 BG_ProperForceIndex
0    27588 BG_CycleForce
0    27660 BG_GetItemIndexByTag
0    27690 BG_CycleInven
0    276fc BG_CanItemBeGrabbed
0    278f9 BG_EvaluateTrajectory
0    27ac7 BG_EvaluateTrajectoryDelta
0    27bc1 BG_AddPredictableEventToPlayerstate
0    27bfc BG_TouchJumpPad
0    27c60 BG_PlayerStateToEntityState
0    27f6b BG_PlayerStateToEntityStateExtraPolate
0    28283 BG_SwingAngles
0    28388 BG_AddPainTwitch
0    283c9 BG_G2PlayerAngles
0    28566 BG_Alloc
0    285a6 BG_AllocUnaligned
0    285d9 BG_TempAlloc
0    28611 BG_TempFree
0    2863e BG_StringAlloc
0    28661 BG_OutOfMemory
0    28673 PM_irand_timesync
0    286a8 BG_ForcePowerDrain
0    28766 PM_AttackMoveForQuad
0    2879b PM_SaberAnimTransitionAnim
0    28880 PM_SaberMoveQuadrantForMovement
0    288e5 PM_SaberInBounce
0    2890a PM_SaberInTransition
0    2891f PM_SaberKataDone
0    28965 PM_SetAnimFrame
0    2896f PM_SaberLockBreak
0    28c38 PM_SaberLocked
0    28e5c PM_SaberInBrokenParry
0    28e71 PM_BrokenParryForParry
0    28eb3 PM_CanBackstab
0    28f34 PM_SaberFlipOverAttackMove
0    29035 PM_SomeoneInFront
0    290c5 PM_SaberLungeAttackMove
0    2910f PM_SaberJumpAttackMove
0    2917c PM_GroundDistance
0    291e5 PM_SaberAttackForMovement
0    29339 PM_WeaponLightsaber
0    29b41 PM_SetSaberMove
0    29d0e Q_rand
0    29d23 Q_random
0    29d35 Q_crandom
0    29d46 VectorCompare
0    29d7e VectorLength
0    29db1 VectorLengthSquared
0    29ddd Distance
0    29e1e DistanceSquared
0    29e6c VectorNormalizeFast
0    29ecb VectorInverse
0    29ef3 CrossProduct
0    29f6c ClampChar
0    29f83 ClampShort
0    29f9a DirToByte
0    29ff5 ByteToDir
0    2a013 ColorBytes3
0    2a082 ColorBytes4
0    2a114 NormalizeColor
0    2a18a PlaneFromPoints
0    2a248 RotatePointAroundVector
0    2a353 RotateAroundDirection
0    2a397 vectoangles
0    2a453 AnglesToAxis
0    2a488 AxisClear
0    2a4bf AxisCopy
0    2a4e3 ProjectPointOnPlane
0    2a59e MakeNormalVectors
0    2a649 VectorRotate
0    2a6e6 Q_rsqrt
0    2a71d Q_fabs
0    2a72d LerpAngle
0    2a75e AngleSubtract
0    2a783 AnglesSubtract
0    2a7d1 AngleMod
0    2a7e3 AngleNormalize360
0    2a7f1 AngleNormalize180
0    2a80c AngleDelta
0    2a81c SetPlaneSignbits
0    2a849 BoxOnPlaneSide
0    2ac0a RadiusFromBounds
0    2ac5d ClearBounds
0    2ac94 AddPointToBounds
0    2ad2d VectorNormalize
0    2ad9d VectorNormalize2
0    2ae2b _VectorMA
0    2ae6d _DotProduct
0    2aea2 _VectorSubtract
0    2aedb _VectorAdd
0    2af14 _VectorCopy
0    2af3b _VectorScale
0    2af6b Vector4Scale
0    2afad Q_log2
0    2afcc MatrixMultiply
0    2b1a1 AngleVectors
0    2b299 PerpendicularVector
0    2b305 Rand_Init
0    2b30c flrand
0    2b347 irand
0    2b379 powf
0    2b39c GetIDForString
0    2b3e1 GetStringForID
0    2b41d Com_Clamp
0    2b437 COM_SkipPath
0    2b45b COM_StripExtension
0    2b491 COM_DefaultExtension
0    2b4d9 ShortSwap
0    2b4f9 ShortNoSwap
0    2b504 LongSwap
0    2b537 LongNoSwap
0    2b53d Long64Swap
0    2b57a Long64NoSwap
0    2b582 FloatSwap
0    2b598 FloatNoSwap
0    2b59f COM_BeginParseSession
0    2b5b1 COM_GetCurrentParseLine
0    2b5b7 COM_Parse
0    2b5c6 COM_ParseError
0    2b5e6 COM_ParseWarning
0    2b606 SkipWhitespace
0    2b63d COM_Compress
0    2b790 COM_ParseExt
0    2b8dc COM_MatchToken
0    2b905 SkipBracedSection
0    2b943 SkipRestOfLine
0    2b97b Parse1DMatrix
0    2b9ba Parse2DMatrix
0    2b9f5 Parse3DMatrix
0    2ba3a Q_isprint
0    2ba4f Q_islower
0    2ba64 Q_isupper
0    2ba79 Q_isalpha
0    2ba9a Q_strrchr
0    2bace Q_strncpyz
0    2bb09 Q_stricmpn
0    2bb94 Q_strncmp
0    2bbe6 Q_stricmp
0    2bc0e Q_strlwr
0    2bc34 Q_strupr
0    2bc5a Q_strcat
0    2bc86 Q_PrintStrlen
0    2bcd6 Q_CleanStr
0    2bd3c Com_sprintf
0    2bd7b va
0    2bda8 Info_ValueForKey
0    2be88 Info_NextPair
0    2bf26 Info_RemoveKey
0    2bff6 Info_RemoveKey_Big
0    2c0c6 Info_Validate
0    2c0ed Info_SetValueForKey
0    2c1bd Info_SetValueForKey_Big
0    2c285 Q_irand
0    2c29d UI_Alloc
0    2c2d7 UI_InitMemory
0    2c2e0 UI_OutOfMemory
0    2c2e6 hashForString
0    2c326 String_Alloc
0    2c3ff String_Report
0    2c448 String_Init
0    2c48c PC_SourceWarning
0    2c4bc PC_SourceError
0    2c4ec LerpColor
0    2c547 Float_Parse
0    2c573 PC_Float_Parse
0    2c5c8 Color_Parse
0    2c5f5 PC_Color_Parse
0    2c622 Int_Parse
0    2c64e PC_Int_Parse
0    2c6a6 Rect_Parse
0    2c6ed PC_Rect_Parse
0    2c734 String_Parse
0    2c760 PC_String_Parse
0    2c7d5 PC_Script_Parse
0    2c857 Init_Display
0    2c85e GradientBar_Paint
0    2c8a4 Window_Init
0    2c8e0 Fade
0    2c951 Window_Paint
0    2cc9b Item_SetScreenCoords
0    2cd2f Item_UpdatePosition
0    2cd82 Menu_UpdatePosition
0    2cdd9 Menu_PostParse
0    2ce05 Menu_ClearFocus
0    2ce88 IsVisible
0    2ceab Rect_ContainsPoint
0    2cef0 Menu_ItemsMatchingGroup
0    2cf4c Menu_GetMatchingItemByNumber
0    2cfb9 Script_SetColor
0    2d053 Script_SetAsset
0    2d06c Script_SetBackground
0    2d08e Menu_FindItemByName
0    2d0dd Script_SetTeamColor
0    2d112 Script_SetItemColor
0    2d1eb Script_SetItemRect
0    2d269 Menu_ShowItemByName
0    2d2db Menu_FadeItemByName
0    2d354 Menus_FindByName
0    2d385 Menus_ShowByName
0    2d39d Menus_OpenByName
0    2d3a6 Menu_RunCloseScript
0    2d3d5 Menus_CloseByName
0    2d435 Menus_CloseAll
0    2d46b Script_Show
0    2d48b Script_Hide
0    2d4ab Script_FadeIn
0    2d4cb Script_FadeOut
0    2d4eb Script_Open
0    2d503 Script_Close
0    2d52d Menu_TransitionItemByName
0    2d618 Script_Defer
0    2d63f Script_RunDeferred
0    2d659 Script_Transition
0    2d6bb Menu_OrbitItemByName
0    2d728 Script_Orbit
0    2d796 Script_SetFocus
0    2d821 Script_SetPlayerModel
0    2d83f Script_SetPlayerHead
0    2d85d Script_SetCvar
0    2d889 Script_SetCvarToCvar
0    2d8c2 Script_Exec
0    2d8e9 Script_Play
0    2d912 Script_playLooped
0    2d93e Item_RunScript
0    2d9db Item_EnableShowViaCvar
0    2dab4 Item_SetFocus
0    2dc20 Item_TextScroll_MaxScroll
0    2dc4f Item_TextScroll_ThumbPosition
0    2dc99 Item_TextScroll_ThumbDrawPosition
0    2dd02 Item_TextScroll_OverLB
0    2ddea Item_TextScroll_MouseEnter
0    2de1b Item_TextScroll_HandleKey
0    2dfb1 Item_ListBox_MaxScroll
0    2e00b Item_ListBox_ThumbPosition
0    2e092 Item_ListBox_ThumbDrawPosition
0    2e157 Item_Slider_ThumbPosition
0    2e1ef Item_Slider_OverSlider
0    2e224 Item_ListBox_OverLB
0    2e3ef Item_ListBox_MouseEnter
0    2e524 Item_MouseEnter
0    2e646 Item_MouseLeave
0    2e692 Menu_HitTest
0    2e6d0 Item_SetMouseOver
0    2e6f9 Item_OwnerDraw_HandleKey
0    2e733 Item_ListBox_HandleKey
0    2ec50 Item_YesNo_HandleKey
0    2ecd6 Item_Multi_CountSettings
0    2ecee Item_Multi_FindCvarByValue
0    2ed73 Item_Multi_Setting
0    2ee04 Item_Multi_HandleKey
0    2eef7 Item_TextField_HandleKey
0    2f27b Scroll_TextScroll_AutoFunc
0    2f2d8 Scroll_TextScroll_ThumbFunc
0    2f3c7 Scroll_ListBox_AutoFunc
0    2f424 Scroll_ListBox_ThumbFunc
0    2f5ab Scroll_Slider_ThumbFunc
0    2f645 Item_StartCapture
0    2f7ba Item_StopCapture
0    2f7bd Item_Slider_HandleKey
0    2f8b9 Item_HandleKey
0    2f9c9 Item_Action
0    2f9e0 Menu_SetPrevCursorItem
0    2fab6 Menu_SetNextCursorItem
0    2fb83 Window_CloseCinematic
0    2fbab Menu_CloseCinematics
0    2fbff Display_CloseCinematics
0    2fc1c Menus_Activate
0    2fc73 Display_VisibleMenuCount
0    2fc9d Menus_HandleOOBClick
0    2fd60 Item_CorrectedTextRect
0    2fd88 Menu_HandleKey
0    300a9 ToWindowCoords
0    300f1 Rect_ToWindowCoords
0    30106 Item_SetTextExtents
0    302aa Item_TextColor
0    303f0 Item_Text_AutoWrapped_Paint
0    305a0 Item_Text_Wrapped_Paint
0    306ad Item_Text_Paint
0    3079e Item_TextField_Paint
0    30914 Item_YesNo_Paint
0    30a48 Item_Multi_Paint
0    30b36 Controls_GetKeyAssignment
0    30b94 Controls_GetConfig
0    30bc6 Controls_SetConfig
0    30c1d Controls_SetDefaults
0    30c50 BindingIDFromName
0    30c7d BindingFromName
0    30d0e Item_Slider_Paint
0    30e11 Item_Bind_Paint
0    30fea Display_KeyBindPending
0    30ff0 Item_Bind_HandleKey
0    311fb Item_Model_Paint
0    3132b Item_Image_Paint
0    31372 Item_TextScroll_Paint
0    31504 Item_ListBox_Paint
0    31abb Item_OwnerDraw_Paint
0    31d81 Item_Paint
0    3236b Menu_Init
0    323a2 Menu_GetFocusedItem
0    323e1 Menu_GetFocused
0    3241c Menu_ScrollFeeder
0    3246f Menu_SetFeederSelection
0    32504 Menus_AnyFullScreenVisible
0    32538 Menus_ActivateByName
0    325c7 Item_Init
0    325e0 Menu_HandleMouseMove
0    32738 Menu_Paint
0    32893 Item_ValidateTypeData
0    32957 KeywordHash_Key
0    329bb KeywordHash_Add
0    329e1 KeywordHash_Find
0    32a1c ItemParse_name
0    32a35 ItemParse_focusSound
0    32a5d ItemParse_text
0    32a76 ItemParse_descText
0    32a8f ItemParse_text2
0    32aa8 ItemParse_text2alignx
0    32ac1 ItemParse_text2aligny
0    32ada ItemParse_group
0    32af3 ItemParse_asset_model
0    32b33 ItemParse_asset_shader
0    32b59 ItemParse_model_origin
0    32b9f ItemParse_model_fovx
0    32bc5 ItemParse_model_fovy
0    32beb ItemParse_model_rotation
0    32c11 ItemParse_model_angle
0    32c35 ItemParse_rect
0    32c4e ItemParse_flag
0    32cb9 ItemParse_style
0    32cd7 ItemParse_decoration
0    32cea ItemParse_notselectable
0    32d0d ItemParse_wrapped
0    32d20 ItemParse_autowrapped
0    32d33 ItemParse_horizontalscroll
0    32d46 ItemParse_type
0    32d65 ItemParse_elementwidth
0    32d8b ItemParse_elementheight
0    32db1 ItemParse_feeder
0    32dca ItemParse_elementtype
0    32dfb ItemParse_columns
0    32e9e ItemParse_border
0    32eb7 ItemParse_bordersize
0    32ed0 ItemParse_visible
0    32ef8 ItemParse_ownerdraw
0    32f17 ItemParse_align
0    32f30 ItemParse_textalign
0    32f4e ItemParse_textalignx
0    32f67 ItemParse_textaligny
0    32f80 ItemParse_textscale
0    32f99 ItemParse_textstyle
0    32fb2 ItemParse_backcolor
0    32fe1 ItemParse_forecolor
0    3301e ItemParse_bordercolor
0    3304d ItemParse_outlinecolor
0    33066 ItemParse_background
0    3308c ItemParse_cinematic
0    330a5 ItemParse_doubleClick
0    330d6 ItemParse_onFocus
0    330ef ItemParse_leaveFocus
0    33108 ItemParse_mouseEnter
0    33121 ItemParse_mouseExit
0    3313a ItemParse_mouseEnterText
0    33153 ItemParse_mouseExitText
0    3316c ItemParse_action
0    33185 ItemParse_special
0    3319e ItemParse_cvarTest
0    331b7 ItemParse_cvar
0    33218 ItemParse_font
0    33237 ItemParse_maxChars
0    3326c ItemParse_maxPaintChars
0    332a1 ItemParse_maxLineChars
0    332d6 ItemParse_lineHeight
0    3330c ItemParse_cvarFloat
0    3336b ItemParse_cvarStrList
0    3342d ItemParse_cvarFloatList
0    334eb ItemParse_addColorRange
0    3354d ItemParse_ownerdrawFlag
0    33572 ItemParse_enableCvar
0    33591 ItemParse_disableCvar
0    335b0 ItemParse_showCvar
0    335cf ItemParse_hideCvar
0    335ee ItemParse_Appearance_slot
0    33607 Item_SetupKeywordHash
0    33633 Item_Parse
0    336b2 Item_TextScroll_BuildLines
0    337f1 Item_InitControls
0    3382e MenuParse_font
0    33871 MenuParse_name
0    3389e MenuParse_fullscreen
0    338bb MenuParse_rect
0    338d6 MenuParse_style
0    338f8 MenuParse_visible
0    33924 MenuParse_onOpen
0    33941 MenuParse_onClose
0    3395e MenuParse_onESC
0    3397b MenuParse_border
0    33998 MenuParse_borderSize
0    339b5 MenuParse_backcolor
0    339e8 MenuParse_descAlignment
0    33a0a MenuParse_descX
0    33a27 MenuParse_descY
0    33a44 MenuParse_descScale
0    33a61 MenuParse_descColor
0    33a94 MenuParse_forecolor
0    33ad5 MenuParse_bordercolor
0    33b08 MenuParse_focuscolor
0    33b3b MenuParse_disablecolor
0    33b6e MenuParse_outlinecolor
0    33b8b MenuParse_background
0    33bb5 MenuParse_cinematic
0    33bd2 MenuParse_ownerdrawFlag
0    33bfb MenuParse_ownerdraw
0    33c18 MenuParse_popup
0    33c2f MenuParse_outOfBounds
0    33c46 MenuParse_soundLoop
0    33c63 MenuParse_fadeClamp
0    33c80 MenuParse_fadeAmount
0    33c9d MenuParse_fadeCycle
0    33cba MenuParse_itemDef
0    33d3f MenuParse_appearanceIncrement
0    33d5c Menu_SetupKeywordHash
0    33d88 Menu_Parse
0    33e07 Menu_New
0    33e3b Menu_Count
0    33e41 Menu_PaintAll
0    33ed8 Menu_Reset
0    33ede Display_GetContext
0    33ee4 Display_CaptureItem
0    33f19 Display_MouseMove
0    33f91 Display_CursorType
0    33fdd Display_HandleKey
0    3400a Window_CacheContents
0    34043 Item_CacheContents
0    34050 Menu_CacheContents
0    3409c Display_CacheAll
0    340b9 Menu_OverActiveItem
0    3416c CG_InitTeamChat
0    3418a CG_SetPrintString
0    341aa CG_CheckOrderPending
0    3428b CG_SetSelectedPlayerName
0    342d8 CG_GetSelectedPlayer
0    342ea CG_SelectNextPlayer
0    3430c CG_SelectPrevPlayer
0    3432f CG_StatusHandle
0    3437b CG_GetValue
0    34461 CG_OtherTeamHasFlag
0    34496 CG_YourTeamHasFlag
0    344cb CG_OwnerDrawVisible
0    345e8 CG_GetKillerText
0    3460a CG_GetGameStatusText
0    34682 CG_GameTypeString
0    346bf CG_Text_Paint_Limit
0    347ab CG_DrawNewTeamInfo
0    34a16 CG_DrawTeamSpectators
0    34b61 CG_DrawMedal
0    34ca9 CG_OwnerDraw
0    34cac CG_MouseEvent
0    34d3e CG_HideTeamMenu
0    34d4b CG_ShowTeamMenu
0    34d53 CG_EventHandling
0    34d6d CG_KeyEvent
0    34dc6 CG_ClientNumFromName
0    34dfd CG_ShowResponseHead
0    34e10 CG_RunMenuScript
0    34e13 CG_DeferMenuScript
0    34e18 CG_GetTeamColor
1        4 colorTable
1      434 HolocronIcons
1      47c forceModelModificationCount
1      4e4 cvarTable
1      be4 cvarTableSize
1      c8c forceTicPos
1      ddc ammoTicPos
1      f2c commands
1     10ac menuScoreboard
1     10b0 bluehudtint
1     10c0 redhudtint
1     10d0 showPowersName
1     115c g_saberFlashTime
1     1160 g_saberFlashPos
1     1180 cgRageTime
1     1184 cgRageFadeTime
1     1188 cgRageFadeVal
1     118c cgRageRecTime
1     1190 cgRageRecFadeTime
1     1194 cgRageRecFadeVal
1     1198 cgAbsorbTime
1     119c cgAbsorbFadeTime
1     11a0 cgAbsorbFadeVal
1     11a4 cgProtectTime
1     11a8 cgProtectFadeTime
1     11ac cgProtectFadeVal
1     11b0 cgYsalTime
1     11b4 cgYsalFadeTime
1     11b8 cgYsalFadeVal
1     11bc gCGHasFallVector
1     11e0 forceHolocronModels
1     1724 shaderAnimNames
1     17a4 shaderAnimCounts
1     1824 shaderAnimSTRatio
1     18a4 cl_numparticles
1     18a8 initparticles
1     18ac roll
1     18b0 cg_customSoundNames
1     193c cgQueueLoad
1     1a28 cgAnnouncerTime
1     1a74 numValidOrders
1     1a78 cameramins
1     1a84 cameramaxs
1     1a90 cameraCurTarget
1     1a9c cameraCurLoc
1     1aa8 cameraOldLoc
1     1ab4 cameraNewLoc
1     1ac0 cameraLastFrame
1     1ac4 cameraLastYaw
1     1ac8 cameraStiffFactor
1     1b08 cgWeapFrame
1     1b0c cgWeapFrameTime
1     1c00 WHITE
1     1c18 WP_MuzzlePoint
1     1cd8 weaponData
1     2058 ammoData
1     2080 animTable
1     46a8 BGPAFtextLoaded
1     46ac gPMDoSlowFall
1     46b0 pm_stopspeed
1     46b4 pm_duckScale
1     46b8 pm_swimScale
1     46bc pm_wadeScale
1     46c0 pm_accelerate
1     46c4 pm_airaccelerate
1     46c8 pm_wateraccelerate
1     46cc pm_flyaccelerate
1     46d0 pm_friction
1     46d4 pm_waterfriction
1     46d8 pm_flightfriction
1     46dc pm_spectatorfriction
1     46e0 c_pmove
1     46e4 forceSpeedLevels
1     46f4 forcePowerNeeded
1     4814 forceJumpHeight
1     4824 forceJumpStrength
1     48c8 randSeed
1     493c forceMasteryLevels
1     495c forceMasteryPoints
1     497c bgForcePowerCost
1     4a9c forcePowerSorted
1     4ae4 forcePowerDarkLight
1     4b2c WeaponReadyAnim
1     4b6c WeaponAttackAnim
1     4bac bg_itemlist
1     5468 bg_numItems
1     54c0 eventnames
1     5698 bg_poolSize
1     569c bg_poolTail
1     56a0 saberMoveData
1     6910 transitionMove
1     6bb8 vec3_origin
1     6bc4 axisDefault
1     1a2c validOrders
1     6be8 colorBlack
1     6bf8 colorRed
1     6c08 colorGreen
1     6c18 colorBlue
1     6c28 colorYellow
1     6c38 colorMagenta
1     6c48 colorCyan
1     6c58 colorWhite
1     6c68 colorLtGrey
1     6c78 colorMdGrey
1     6c88 colorDkGrey
1     6c98 colorLtBlue
1     6ca8 colorDkBlue
1     6cb8 g_color_table
1     6d38 bytedirs
1     74f0 holdrand
1     74fc captureFunc
1     7500 captureData
1     7504 itemCapture
1     7508 DC
1     750c g_waitingForKey
1     7510 g_editingField
1     7514 g_bindItem
1     7518 g_editItem
1     751c menuCount
1     7520 openMenuCount
1     7524 debugMode
1     7528 lastListBoxClickTime
1     752c itemFlags
1     753c styles
1     7558 alignment
1     7568 types
1     75a8 strPoolIndex
1     75ac strHandleCount
1     75b8 FPMessageTime
1     75bc ui_deferredScriptItem
1     75c0 commandList
1     7680 scriptCommandCount
1     7748 g_bindings
1     8018 itemParseKeywords
1     8378 menuParseKeywords
1     852c drawTeamOverlayModificationCount
1     7fa0 g_bindCount
2   752ae8 _stackStart
2   762ae8 _stackEnd
3     8400 cg_pmove_msec
3     8510 cg_debugSaber
3     8620 cgDC
3     b440 cg_debugBB
3     b550 ui_myteam
3     b660 cg_recordSPDemoName
3     b770 cg_recordSPDemo
3     b880 cg_singlePlayerActive
3     b990 cg_enableBreath
3     baa0 cg_enableDust
3     bbb0 cg_singlePlayer
3     bcc0 cg_currentSelectedPlayerName
3     bdd0 cg_currentSelectedPlayer
3     bee0 cg_blueTeamName
3     bff0 cg_redTeamName
3     c100 cg_trueLightning
3     c210 cg_noProjectileTrail
3     c320 cg_noTaunt
3     c430 cg_bigFont
3     c540 cg_smallFont
3     c650 cg_cameraMode
3     c760 cg_timescale
3     c870 cg_timescaleFadeSpeed
3     c980 cg_timescaleFadeEnd
3     ca90 cg_cameraOrbitDelay
3     cba0 cg_cameraOrbit
3     ccb0 pmove_msec
3     cdc0 pmove_fixed
3     ced0 cg_smoothClients
3     cfe0 cg_hudFiles
3     d0f0 cg_scorePlum
3     d200 cg_noVoiceText
3     d310 cg_noVoiceChats
3     d420 cg_teamChatsOnly
3     d530 cg_drawFriend
3     d640 cg_deferPlayers
3     d750 cg_predictItems
3     d860 cg_blood
3     d970 cg_paused
3     da80 cg_buildScript
3     db90 cg_forceModel
3     dca0 cg_stats
3     ddb0 cg_teamChatHeight
3     dec0 cg_teamChatTime
3     dfd0 cg_synchronousClients
3     e0e0 cg_drawEnemyInfo
3     e1f0 cg_lagometer
3     e300 cg_stereoSeparation
3     e410 cg_thirdPersonHorzOffset
3     e520 cg_thirdPersonAlpha
3     e630 cg_thirdPersonTargetDamp
3     e740 cg_thirdPersonCameraDamp
3     e850 cg_thirdPersonVertOffset
3     e960 cg_thirdPersonPitchOffset
3     ea70 cg_thirdPersonAngle
3     eb80 cg_thirdPersonRange
3     ec90 cg_thirdPerson
3     eda0 cg_dismember
3     eeb0 cg_animBlend
3     efc0 cg_auraShell
3     f0d0 cg_speedTrail
3     f1e0 cg_saberTrail
3     f2f0 cg_saberContact
3     f400 cg_swingAngles
3     f510 cg_zoomFov
3     f620 cg_fov
3     f730 cg_simpleItems
3     f840 cg_ignore
3     f950 cg_autoswitch
3     fa60 cg_tracerLength
3     fb70 cg_tracerWidth
3     fc80 cg_tracerChance
3     fd90 cg_viewsize
3     fea0 cg_drawGun
3     ffb0 cg_gun_z
3    100c0 cg_gun_y
3    101d0 cg_gun_x
3    102e0 cg_gun_frame
3    103f0 cg_addMarks
3    10500 cg_footsteps
3    10610 cg_showmiss
3    10720 cg_noPlayerAnims
3    10830 cg_nopredict
3    10940 cg_errorDecay
3    10a50 cg_debugEvents
3    10b60 cg_debugPosition
3    10c70 cg_debugAnim
3    10d80 cg_animSpeed
3    10e90 cg_draw2D
3    10fa0 cg_drawStatus
3    110b0 cg_crosshairHealth
3    111c0 cg_crosshairSize
3    112d0 cg_crosshairY
3    113e0 cg_crosshairX
3    114f0 cg_teamOverlayUserinfo
3    11600 cg_drawTeamOverlay
3    11710 cg_drawRewards
3    11820 cg_dynamicCrosshair
3    11930 cg_drawScores
3    11a40 cg_drawCrosshairNames
3    11b50 cg_drawCrosshair
3    11c60 cg_drawAmmoWarning
3    11d70 cg_drawIcons
3    11e80 cg_draw3dIcons
3    11f90 cg_drawSnapshot
3    120a0 cg_drawFPS
3    121b0 cg_drawTimer
3    122c0 cg_gibs
3    123d0 cg_shadows
3    124e0 cg_bobroll
3    125f0 cg_bobpitch
3    12700 cg_bobup
3    12810 cg_runroll
3    12920 cg_runpitch
3    12a30 cg_centertime
3    12b40 cg_items
3    16340 cg_weapons
3    17040 cg_entities
3   1f7040 cg
3   220948 cgs
3   232190 gCGFallVector
3   23219c lagometer
3   2327a4 lastvalidlockdif
3   2327a8 hudTintColor
3   2327ac teamChat2
3   2328ac teamChat1
3   2329ac systemChat
3   232aac numSortedTeamPlayers
3   232ab0 sortedTeamPlayers
3   232b4c offZ
3   23318c offX
3   23380c lastofs
3   233810 cl_lightstyle
3   237a10 cg_freeLocalEntities
3   237a14 cg_activeLocalEntities
3   237be0 cg_localEntities
3   2713e0 oldtime
3   2713e4 rup
3   2713f0 rright
3   2713fc rforward
3   271408 pvup
3   271414 pvright
3   271420 pvforward
3   27142c particles
3   29042c free_particles
3   290430 active_particles
3   290434 numShaderAnims
3   290438 shaderAnims
3   292438 markTotal
3   29243c cg_freeMarkPolys
3   292440 cg_activeMarkPolys
3   292560 cg_markPolys
3   2a4560 cgBoneAnglePostSet
3   2a4598 cgSendPS
3   2af098 cg_triggerEntities
3   2af498 cg_numTriggerEntities
3   2af49c cg_solidEntities
3   2af89c cg_numSolidEntities
3   2af8a0 cg_pmove
3   2afa18 cg_saga_valid
3   2afa1c cg_saga_info
3   2b1a1c localClient
3   2b1a20 voiceChatBuffer
3   2b4120 voiceChatLists
3   4dcb60 zoomFov
3   4dcb64 cameraIdealLoc
3   4dcb70 cameraIdealTarget
3   4dcb7c cameraFocusLoc
3   4dcb88 cameraFocusAngles
3   4dcb94 cameraup
3   4dcba0 camerafwd
3   4dcbac cgScreenEffects
3   4dcbcc g2WeaponInstances
3   4dcc0c BGPAFtext
3   4e684c bgGlobalAnimations
3   4edf84 pml
3   4ee410 pm
3   4ee414 bg_pool
3   6f7e2c com_lines
3   6f7e30 com_parsename
3   6f8230 com_token
3   6fa640 menuParseKeywordHash
3   6fae40 itemParseKeywordHash
3   6fb640 g_nameBind2
3   6fb660 g_nameBind1
3   6fb680 ui_deferredScript
3   6fbe80 strHandle
3   6fde80 strPool
3   71de80 outOfMemory
3   71de84 allocPoint
3   71de88 memoryPool
3   73de88 menuStack
3   73dec8 Menus
3   752ac8 scrollInfo
